Component: ARM Compiler 5.05 update 1 (build 106) Tool: armlink [4d0efa]

==============================================================================

Section Cross References

    main.o(i.Find) refers to main.o(.data) for Spin_start_flag
    main.o(i.Find) refers to usart3.o(.data) for Di
    main.o(i.error_back1) refers to main.o(i.spin_Turn) for spin_Turn
    main.o(i.error_back1) refers to main.o(i.Find) for Find
    main.o(i.error_back1) refers to main.o(.data) for Flag_Stop
    main.o(i.error_back2) refers to main.o(i.spin_Turn) for spin_Turn
    main.o(i.error_back2) refers to main.o(i.Find) for Find
    main.o(i.error_back2) refers to main.o(.data) for Flag_Stop
    main.o(i.error_back3) refers to main.o(i.spin_Turn) for spin_Turn
    main.o(i.error_back3) refers to main.o(i.Find) for Find
    main.o(i.error_back3) refers to main.o(.data) for Flag_Stop
    main.o(i.main) refers to misc.o(i.NVIC_PriorityGroupConfig) for NVIC_PriorityGroupConfig
    main.o(i.main) refers to delay.o(i.delay_init) for delay_init
    main.o(i.main) refers to sys.o(i.JTAG_Set) for JTAG_Set
    main.o(i.main) refers to led.o(i.LED_Init) for LED_Init
    main.o(i.main) refers to key.o(i.KEY_Init) for KEY_Init
    main.o(i.main) refers to oled.o(i.OLED_Init) for OLED_Init
    main.o(i.main) refers to encoder.o(i.Encoder_Init_TIM2) for Encoder_Init_TIM2
    main.o(i.main) refers to encoder.o(i.Encoder_Init_TIM4) for Encoder_Init_TIM4
    main.o(i.main) refers to exti.o(i.EXTIX_Init) for EXTIX_Init
    main.o(i.main) refers to adc.o(i.Adc_Init) for Adc_Init
    main.o(i.main) refers to delay.o(i.delay_ms) for delay_ms
    main.o(i.main) refers to usart.o(i.uart_init) for uart_init
    main.o(i.main) refers to moto.o(i.Motor_Init) for Motor_Init
    main.o(i.main) refers to moto.o(i.Motor_PWM_Init) for Motor_PWM_Init
    main.o(i.main) refers to usart2.o(i.uart2_init) for uart2_init
    main.o(i.main) refers to usart3.o(i.uart3_init) for uart3_init
    main.o(i.main) refers to stmflash.o(i.Flash_Read) for Flash_Read
    main.o(i.main) refers to timer.o(i.Timer5_Init) for Timer5_Init
    main.o(i.main) refers to led.o(i.Load_Init) for Load_Init
    main.o(i.main) refers to usart2.o(i.SendDataToOpenmv) for SendDataToOpenmv
    main.o(i.main) refers to led.o(i.LoadOrNot) for LoadOrNot
    main.o(i.main) refers to show.o(i.oled_show) for oled_show
    main.o(i.main) refers to usart2.o(i.SetTargetRoom) for SetTargetRoom
    main.o(i.main) refers to main.o(i.Find) for Find
    main.o(i.main) refers to main.o(i.spin_Turn) for spin_Turn
    main.o(i.main) refers to dflt_clz.o(x$fpl$dfltu) for __aeabi_ui2d
    main.o(i.main) refers to dleqf.o(x$fpl$dleqf) for __aeabi_cdcmple
    main.o(i.main) refers to main.o(i.error_back1) for error_back1
    main.o(i.main) refers to main.o(.data) for SendTime
    main.o(i.main) refers to led.o(.data) for Load_flag
    main.o(i.main) refers to usart2.o(.data) for TASK
    main.o(i.main) refers to control.o(.data) for lukou_straight
    main.o(i.main) refers to main.o(i.error_back2) for error_back2
    main.o(i.main) refers to main.o(i.error_back3) for error_back3
    main.o(i.spin_Turn) refers to delay.o(i.delay_ms) for delay_ms
    main.o(i.spin_Turn) refers to main.o(.data) for Stop_Flag
    system_stm32f10x.o(i.SetSysClock) refers to system_stm32f10x.o(i.SetSysClockTo72) for SetSysClockTo72
    system_stm32f10x.o(i.SystemCoreClockUpdate) refers to system_stm32f10x.o(.data) for SystemCoreClock
    system_stm32f10x.o(i.SystemInit) refers to system_stm32f10x.o(i.SetSysClock) for SetSysClock
    delay.o(i.delay_init) refers to delay.o(.data) for fac_us
    delay.o(i.delay_ms) refers to delay.o(.data) for fac_ms
    delay.o(i.delay_us) refers to delay.o(.data) for fac_us
    usart.o(i._sys_exit) refers (Special) to use_no_semi_2.o(.text) for __use_no_semihosting
    usart.o(i.fputc) refers (Special) to use_no_semi_2.o(.text) for __use_no_semihosting
    usart.o(i.fputc) refers to main.o(.data) for Flag_Show
    usart.o(i.uart_init) refers (Special) to use_no_semi_2.o(.text) for __use_no_semihosting
    usart.o(i.uart_init) refers to stm32f10x_rcc.o(i.RCC_APB2PeriphClockCmd) for RCC_APB2PeriphClockCmd
    usart.o(i.uart_init) refers to stm32f10x_gpio.o(i.GPIO_Init) for GPIO_Init
    usart.o(i.uart_init) refers to stm32f10x_usart.o(i.USART_Init) for USART_Init
    usart.o(i.uart_init) refers to stm32f10x_usart.o(i.USART_ITConfig) for USART_ITConfig
    usart.o(i.uart_init) refers to stm32f10x_usart.o(i.USART_Cmd) for USART_Cmd
    usart.o(i.usart1_send) refers (Special) to use_no_semi_2.o(.text) for __use_no_semihosting
    usart.o(.data) refers (Special) to use_no_semi_2.o(.text) for __use_no_semihosting
    startup_stm32f10x_hd.o(STACK) refers (Special) to heapauxi.o(.text) for __use_two_region_memory
    startup_stm32f10x_hd.o(HEAP) refers (Special) to heapauxi.o(.text) for __use_two_region_memory
    startup_stm32f10x_hd.o(RESET) refers (Special) to heapauxi.o(.text) for __use_two_region_memory
[...]
    .text                                    0x08000240   Section        0  __printf.o(.text)
    .text                                    0x080002a8   Section        0  _printf_dec.o(.text)
    .text                                    0x08000320   Section        0  heapauxi.o(.text)
    .text                                    0x08000326   Section        2  use_no_semi.o(.text)
    .text                                    0x08000328   Section        0  _printf_intcommon.o(.text)
    .text                                    0x080003dc   Section        0  _printf_char_common.o(.text)
    _printf_input_char                       0x080003dd   Thumb Code    10  _printf_char_common.o(.text)
    .text                                    0x0800040c   Section        0  _sputc.o(.text)
    .text                                    0x08000416   Section       74  sys_stackheap_outer.o(.text)
    .text                                    0x08000460   Section        0  exit.o(.text)
    .text                                    0x0800046c   Section        8  libspace.o(.text)
    i.ADC_Cmd                                0x08000474   Section        0  stm32f10x_adc.o(i.ADC_Cmd)
    i.ADC_DeInit                             0x0800048c   Section        0  stm32f10x_adc.o(i.ADC_DeInit)
    i.ADC_GetCalibrationStatus               0x080004e8   Section        0  stm32f10x_adc.o(i.ADC_GetCalibrationStatus)
    i.ADC_GetConversionValue                 0x080004fc   Section        0  stm32f10x_adc.o(i.ADC_GetConversionValue)
    i.ADC_GetFlagStatus                      0x08000504   Section        0  stm32f10x_adc.o(i.ADC_GetFlagStatus)
    i.ADC_GetResetCalibrationStatus          0x08000516   Section        0  stm32f10x_adc.o(i.ADC_GetResetCalibrationStatus)
    i.ADC_Init                               0x0800052c   Section        0  stm32f10x_adc.o(i.ADC_Init)
    i.ADC_RegularChannelConfig               0x0800057c   Section        0  stm32f10x_adc.o(i.ADC_RegularChannelConfig)
    i.ADC_ResetCalibration                   0x08000634   Section        0  stm32f10x_adc.o(i.ADC_ResetCalibration)
    i.ADC_SoftwareStartConvCmd               0x0800063e   Section        0  stm32f10x_adc.o(i.ADC_SoftwareStartConvCmd)
    i.ADC_StartCalibration                   0x08000654   Section        0  stm32f10x_adc.o(i.ADC_StartCalibration)
    i.Adc_Init                               0x08000660   Section        0  adc.o(i.Adc_Init)
    i.BKP_TamperPinCmd                       0x080006ec   Section        0  stm32f10x_bkp.o(i.BKP_TamperPinCmd)
    i.BusFault_Handler                       0x080006f8   Section        0  stm32f10x_it.o(i.BusFault_Handler)
    i.DebugMon_Handler                       0x080006fc   Section        0  stm32f10x_it.o(i.DebugMon_Handler)
    i.EXTI15_10_IRQHandler                   0x08000700   Section        0  exti.o(i.EXTI15_10_IRQHandler)
    i.EXTIX_Init                             0x08000728   Section        0  exti.o(i.EXTIX_Init)
    i.EXTI_ClearITPendingBit                 0x0800077c   Section        0  stm32f10x_exti.o(i.EXTI_ClearITPendingBit)
    i.EXTI_Init                              0x08000788   Section        0  stm32f10x_exti.o(i.EXTI_Init)
    i.Encoder_Init_TIM2                      0x0800081c   Section        0  encoder.o(i.Encoder_Init_TIM2)
    i.Encoder_Init_TIM4                      0x080008cc   Section        0  encoder.o(i.Encoder_Init_TIM4)
    i.Find                                   0x0800097c   Section        0  main.o(i.Find)
    i.Flash_Read                             0x08000b30   Section        0  stmflash.o(i.Flash_Read)
    i.GPIO_EXTILineConfig                    0x08000bb8   Section        0  stm32f10x_gpio.o(i.GPIO_EXTILineConfig)
    i.GPIO_Init                              0x08000bf8   Section        0  stm32f10x_gpio.o(i.GPIO_Init)
    i.GPIO_ReadInputDataBit                  0x08000d0e   Section        0  stm32f10x_gpio.o(i.GPIO_ReadInputDataBit)
    i.GPIO_SetBits                           0x08000d20   Section        0  stm32f10x_gpio.o(i.GPIO_SetBits)
    i.Get_Adc                                0x08000d24   Section        0  adc.o(i.Get_Adc)
    i.Get_battery_volt                       0x08000d58   Section        0  adc.o(i.Get_battery_volt)
    i.HardFault_Handler                      0x08000db8   Section        0  stm32f10x_it.o(i.HardFault_Handler)
    i.Incremental_PI_A                       0x08000dbc   Section        0  control.o(i.Incremental_PI_A)
    i.Incremental_PI_B                       0x08000e44   Section        0  control.o(i.Incremental_PI_B)
    i.JTAG_Set                               0x08000ecc   Section        0  sys.o(i.JTAG_Set)
    i.KEY_Init                               0x08000efc   Section        0  key.o(i.KEY_Init)
    i.Kinematic_Analysis                     0x08000f28   Section        0  control.o(i.Kinematic_Analysis)
    i.LED_Init                               0x08000f5c   Section        0  led.o(i.LED_Init)
    i.LoadOrNot                              0x08000f90   Section        0  led.o(i.LoadOrNot)
    i.Load_Init                              0x08001028   Section        0  led.o(i.Load_Init)
    i.MemManage_Handler                      0x08001054   Section        0  stm32f10x_it.o(i.MemManage_Handler)
    i.Motor_Init                             0x08001058   Section        0  moto.o(i.Motor_Init)
    i.Motor_PWM_Init                         0x080010ac   Section        0  moto.o(i.Motor_PWM_Init)
    i.NMI_Handler                            0x0800116c   Section        0  stm32f10x_it.o(i.NMI_Handler)
    i.NVIC_Init                              0x08001170   Section        0  misc.o(i.NVIC_Init)
    i.NVIC_PriorityGroupConfig               0x080011e0   Section        0  misc.o(i.NVIC_PriorityGroupConfig)
    i.OLED_Clear                             0x080011f4   Section        0  oled.o(i.OLED_Clear)
    i.OLED_DrawPoint                         0x08001224   Section        0  oled.o(i.OLED_DrawPoint)
    i.OLED_Init                              0x0800128c   Section        0  oled.o(i.OLED_Init)
    i.OLED_Refresh_Gram                      0x080013c0   Section        0  oled.o(i.OLED_Refresh_Gram)
    i.OLED_ShowChar                          0x0800140c   Section        0  oled.o(i.OLED_ShowChar)
    i.OLED_ShowNumber                        0x080014b4   Section        0  oled.o(i.OLED_ShowNumber)
    i.OLED_ShowString                        0x08001548   Section        0  oled.o(i.OLED_ShowString)
    i.OLED_WR_Byte                           0x0800158c   Section        0  oled.o(i.OLED_WR_Byte)
    i.Openmv_Receive_Data                    0x080015e4   Section        0  usart2.o(i.Openmv_Receive_Data)
    i.PWR_BackupAccessCmd                    0x08001730   Section        0  stm32f10x_pwr.o(i.PWR_BackupAccessCmd)
    i.PendSV_Handler                         0x0800173c   Section        0  stm32f10x_it.o(i.PendSV_Handler)
    i.RCC_ADCCLKConfig                       0x08001740   Section        0  stm32f10x_rcc.o(i.RCC_ADCCLKConfig)
    i.RCC_APB1PeriphClockCmd                 0x08001758   Section        0  stm32f10x_rcc.o(i.RCC_APB1PeriphClockCmd)
    i.RCC_APB1PeriphResetCmd                 0x08001778   Section        0  stm32f10x_rcc.o(i.RCC_APB1PeriphResetCmd)
    i.RCC_APB2PeriphClockCmd                 0x08001798   Section        0  stm32f10x_rcc.o(i.RCC_APB2PeriphClockCmd)
    i.RCC_APB2PeriphResetCmd                 0x080017b8   Section        0  stm32f10x_rcc.o(i.RCC_APB2PeriphResetCmd)
    i.RCC_GetClocksFreq                      0x080017d8   Section        0  stm32f10x_rcc.o(i.RCC_GetClocksFreq)
    i.RCC_LSEConfig                          0x080018ac   Section        0  stm32f10x_rcc.o(i.RCC_LSEConfig)
    i.Read_Encoder                           0x080018e0   Section        0  encoder.o(i.Read_Encoder)
    i.STMFLASH_Read                          0x08001918   Section        0  stmflash.o(i.STMFLASH_Read)
    i.STMFLASH_ReadHalfWord                  0x0800193a   Section        0  stmflash.o(i.STMFLASH_ReadHalfWord)
    i.SVC_Handler                            0x08001940   Section        0  stm32f10x_it.o(i.SVC_Handler)
    i.SendDataToOpenmv                       0x08001944   Section        0  usart2.o(i.SendDataToOpenmv)
    i.SetSysClock                            0x080019b0   Section        0  system_stm32f10x.o(i.SetSysClock)
    SetSysClock                              0x080019b1   Thumb Code     8  system_stm32f10x.o(i.SetSysClock)
    i.SetSysClockTo72                        0x080019b8   Section        0  system_stm32f10x.o(i.SetSysClockTo72)
    SetSysClockTo72                          0x080019b9   Thumb Code   214  system_stm32f10x.o(i.SetSysClockTo72)
    i.SetTargetRoom                          0x08001a98   Section        0  usart2.o(i.SetTargetRoom)
    i.Set_Pwm                                0x08001b90   Section        0  control.o(i.Set_Pwm)
    i.SysTick_Handler                        0x08001c2c   Section        0  stm32f10x_it.o(i.SysTick_Handler)
    i.SystemInit                             0x08001c30   Section        0  system_stm32f10x.o(i.SystemInit)
    i.TI1_Config                             0x08001c90   Section        0  stm32f10x_tim.o(i.TI1_Config)
    TI1_Config                               0x08001c91   Thumb Code   108  stm32f10x_tim.o(i.TI1_Config)
    i.TI2_Config                             0x08001d10   Section        0  stm32f10x_tim.o(i.TI2_Config)
    TI2_Config                               0x08001d11   Thumb Code   130  stm32f10x_tim.o(i.TI2_Config)
    i.TI3_Config                             0x08001da8   Section        0  stm32f10x_tim.o(i.TI3_Config)
    TI3_Config                               0x08001da9   Thumb Code   122  stm32f10x_tim.o(i.TI3_Config)
    i.TI4_Config                             0x08001e38   Section        0  stm32f10x_tim.o(i.TI4_Config)
    TI4_Config                               0x08001e39   Thumb Code   130  stm32f10x_tim.o(i.TI4_Config)
    i.TIM2_IRQHandler                        0x08001ed0   Section        0  encoder.o(i.TIM2_IRQHandler)
    i.TIM4_IRQHandler                        0x08001ee4   Section        0  encoder.o(i.TIM4_IRQHandler)
    i.TIM5_IRQHandler                        0x08001efc   Section        0  control.o(i.TIM5_IRQHandler)
    i.TIM_ARRPreloadConfig                   0x0800205c   Section        0  stm32f10x_tim.o(i.TIM_ARRPreloadConfig)
    i.TIM_ClearFlag                          0x08002074   Section        0  stm32f10x_tim.o(i.TIM_ClearFlag)
    i.TIM_ClearITPendingBit                  0x0800207a   Section        0  stm32f10x_tim.o(i.TIM_ClearITPendingBit)
    i.TIM_Cmd                                0x08002080   Section        0  stm32f10x_tim.o(i.TIM_Cmd)
    i.TIM_CtrlPWMOutputs                     0x08002098   Section        0  stm32f10x_tim.o(i.TIM_CtrlPWMOutputs)
    i.TIM_EncoderInterfaceConfig             0x080020b6   Section        0  stm32f10x_tim.o(i.TIM_EncoderInterfaceConfig)
    i.TIM_GetFlagStatus                      0x080020f8   Section        0  stm32f10x_tim.o(i.TIM_GetFlagStatus)
    i.TIM_ICInit                             0x0800210c   Section        0  stm32f10x_tim.o(i.TIM_ICInit)
    i.TIM_ICStructInit                       0x080021b8   Section        0  stm32f10x_tim.o(i.TIM_ICStructInit)
    i.TIM_ITConfig                           0x080021ca   Section        0  stm32f10x_tim.o(i.TIM_ITConfig)
    i.TIM_OC1Init                            0x080021dc   Section        0  stm32f10x_tim.o(i.TIM_OC1Init)
    i.TIM_OC1PreloadConfig                   0x08002274   Section        0  stm32f10x_tim.o(i.TIM_OC1PreloadConfig)
    i.TIM_OC4Init                            0x08002288   Section        0  stm32f10x_tim.o(i.TIM_OC4Init)
    i.TIM_OC4PreloadConfig                   0x08002304   Section        0  stm32f10x_tim.o(i.TIM_OC4PreloadConfig)
    i.TIM_SetIC1Prescaler                    0x0800231e   Section        0  stm32f10x_tim.o(i.TIM_SetIC1Prescaler)
    i.TIM_SetIC2Prescaler                    0x08002330   Section        0  stm32f10x_tim.o(i.TIM_SetIC2Prescaler)
    i.TIM_SetIC3Prescaler                    0x0800234a   Section        0  stm32f10x_tim.o(i.TIM_SetIC3Prescaler)
    i.TIM_SetIC4Prescaler                    0x0800235c   Section        0  stm32f10x_tim.o(i.TIM_SetIC4Prescaler)
    i.TIM_TimeBaseInit                       0x08002378   Section        0  stm32f10x_tim.o(i.TIM_TimeBaseInit)
    i.TIM_TimeBaseStructInit                 0x0800241c   Section        0  stm32f10x_tim.o(i.TIM_TimeBaseStructInit)
    i.Timer5_Init                            0x08002430   Section        0  timer.o(i.Timer5_Init)
    i.Turn_Off                               0x0800248c   Section        0  control.o(i.Turn_Off)
    i.USART2_IRQHandler                      0x080024a8   Section        0  usart2.o(i.USART2_IRQHandler)
    i.USART2_Send                            0x080024dc   Section        0  usart2.o(i.USART2_Send)
    i.USART3_IRQHandler                      0x0800252c   Section        0  usart3.o(i.USART3_IRQHandler)
    i.USART_ClearFlag                        0x080025ec   Section        0  stm32f10x_usart.o(i.USART_ClearFlag)
    i.USART_ClearITPendingBit                0x080025fe   Section        0  stm32f10x_usart.o(i.USART_ClearITPendingBit)
    i.USART_Cmd                              0x0800261c   Section        0  stm32f10x_usart.o(i.USART_Cmd)
    i.USART_DeInit                           0x08002634   Section        0  stm32f10x_usart.o(i.USART_DeInit)
    i.USART_GetFlagStatus                    0x080026d0   Section        0  stm32f10x_usart.o(i.USART_GetFlagStatus)
    i.USART_GetITStatus                      0x080026ea   Section        0  stm32f10x_usart.o(i.USART_GetITStatus)
    i.USART_ITConfig                         0x0800273e   Section        0  stm32f10x_usart.o(i.USART_ITConfig)
    i.USART_Init                             0x08002788   Section        0  stm32f10x_usart.o(i.USART_Init)
    i.USART_SendData                         0x08002860   Section        0  stm32f10x_usart.o(i.USART_SendData)
    i.UsageFault_Handler                     0x08002868   Section        0  stm32f10x_it.o(i.UsageFault_Handler)
    i.Xianfu_Pwm                             0x0800286c   Section        0  control.o(i.Xianfu_Pwm)
    i._sys_exit                              0x080028b4   Section        0  usart.o(i._sys_exit)
    i.delay_init                             0x080028bc   Section        0  delay.o(i.delay_init)
    i.delay_ms                               0x080028fc   Section        0  delay.o(i.delay_ms)
    i.error_back1                            0x08002938   Section        0  main.o(i.error_back1)
    i.error_back2                            0x08002a84   Section        0  main.o(i.error_back2)
    i.error_back3                            0x08002bf4   Section        0  main.o(i.error_back3)
    i.main                                   0x08002d64   Section        0  main.o(i.main)
    i.myabs                                  0x08003de4   Section        0  control.o(i.myabs)
    i.oled_pow                               0x08003df2   Section        0  oled.o(i.oled_pow)
    i.oled_show                              0x08003e08   Section        0  show.o(i.oled_show)
    i.spin_Turn                              0x08004068   Section        0  main.o(i.spin_Turn)
    i.uart2_init                             0x0800417c   Section        0  usart2.o(i.uart2_init)
    i.uart3_init                             0x08004220   Section        0  usart3.o(i.uart3_init)
    i.uart_init                              0x080042d4   Section        0  usart.o(i.uart_init)
    x$fpl$dcmpinf                            0x08004358   Section       24  dcmpi.o(x$fpl$dcmpinf)
    x$fpl$ddiv                               0x08004370   Section      688  ddiv.o(x$fpl$ddiv)
    ddiv_entry                               0x08004377   Thumb Code     0  ddiv.o(x$fpl$ddiv)
    x$fpl$dfix                               0x08004620   Section       94  dfix.o(x$fpl$dfix)
    x$fpl$dfltu                              0x0800467e   Section       38  dflt_clz.o(x$fpl$dfltu)
    x$fpl$dleqf                              0x080046a4   Section      120  dleqf.o(x$fpl$dleqf)
    x$fpl$dmul                               0x0800471c   Section      340  dmul.o(x$fpl$dmul)
    x$fpl$dnaninf                            0x08004870   Section      156  dnaninf.o(x$fpl$dnaninf)
    x$fpl$dretinf                            0x0800490c   Section       12  dretinf.o(x$fpl$dretinf)
    x$fpl$fadd                               0x08004918   Section      196  faddsub_clz.o(x$fpl$fadd)
    _fadd1                                   0x08004927   Thumb Code     0  faddsub_clz.o(x$fpl$fadd)
    x$fpl$fcmpinf                            0x080049dc   Section       24  fcmpi.o(x$fpl$fcmpinf)
    x$fpl$ffix                               0x080049f4   Section       54  ffix.o(x$fpl$ffix)
    x$fpl$ffixu                              0x08004a2c   Section       62  ffixu.o(x$fpl$ffixu)
    x$fpl$fflt                               0x08004a6c   Section       48  fflt_clz.o(x$fpl$fflt)
    x$fpl$ffltu                              0x08004a9c   Section       38  fflt_clz.o(x$fpl$ffltu)
    x$fpl$fleqf                              0x08004ac4   Section      104  fleqf.o(x$fpl$fleqf)
    x$fpl$fmul                               0x08004b2c   Section      258  fmul.o(x$fpl$fmul)
    x$fpl$fnaninf                            0x08004c2e   Section      140  fnaninf.o(x$fpl$fnaninf)
    x$fpl$fretinf                            0x08004cba   Section       10  fretinf.o(x$fpl$fretinf)
    x$fpl$fsub                               0x08004cc4   Section      234  faddsub_clz.o(x$fpl$fsub)
    _fsub1                                   0x08004cd3   Thumb Code     0  faddsub_clz.o(x$fpl$fsub)
    .constdata                               0x08004dae   Section     2660  oled.o(.constdata)
    x$fpl$usenofp                            0x08004dae   Section        0  usenofp.o(x$fpl$usenofp)
    .data                                    0x20000000   Section      136  main.o(.data)
    .data                                    0x20000088   Section        4  delay.o(.data)
    fac_us                                   0x20000088   Data           1  delay.o(.data)
    fac_ms                                   0x2000008a   Data           2  delay.o(.data)
    .data                                    0x2000008c   Section       20  stm32f10x_rcc.o(.data)
    APBAHBPrescTable                         0x2000008c   Data          16  stm32f10x_rcc.o(.data)
    ADCPrescTable                            0x2000009c   Data           4  stm32f10x_rcc.o(.data)
    .data                                    0x200000a0   Section        8  led.o(.data)
    temp                                     0x200000a4   Data           4  led.o(.data)
    .data                                    0x200000a8   Section       32  usart2.o(.data)
    RxCounter1                               0x200000bf   Data           1  usart2.o(.data)
    RxState                                  0x200000c0   Data           1  usart2.o(.data)
    i                                        0x200000c4   Data           4  usart2.o(.data)
    .data                                    0x200000c8   Section       16  usart3.o(.data)
    i                                        0x200000d4   Data           4  usart3.o(.data)
    .data                                    0x200000d8   Section       68  control.o(.data)
    Bias                                     0x200000f0   Data           4  control.o(.data)
    Pwm                                      0x200000f4   Data           4  control.o(.data)
    Last_bias                                0x200000f8   Data           4  control.o(.data)
    Bias                                     0x200000fc   Data           4  control.o(.data)
    Pwm                                      0x20000100   Data           4  control.o(.data)
    Last_bias                                0x20000104   Data           4  control.o(.data)
    Bias                                     0x20000108   Data           4  control.o(.data)
    Last_Bias                                0x2000010c   Data           4  control.o(.data)
    i                                        0x20000110   Data           2  control.o(.data)
    j                                        0x20000112   Data           2  control.o(.data)
    Left                                     0x20000114   Data           2  control.o(.data)
    Right                                    0x20000116   Data           2  control.o(.data)
    value1_max                               0x20000118   Data           2  control.o(.data)
    value1_min                               0x2000011a   Data           2  control.o(.data)
    .bss                                     0x2000011c   Section      296  main.o(.bss)
    .bss                                     0x20000244   Section     1024  oled.o(.bss)
    .bss                                     0x20000644   Section       20  usart2.o(.bss)
    RxBuffer1                                0x20000644   Data          20  usart2.o(.bss)
    .bss                                     0x20000658   Section       11  usart3.o(.bss)
    .bss                                     0x20000664   Section       96  libspace.o(.bss)
    HEAP                                     0x200006c8   Section      512  startup_stm32f10x_hd.o(HEAP)
    Heap_Mem                                 0x200006c8   Data         512  startup_stm32f10x_hd.o(HEAP)
    STACK                                    0x200008c8   Section     1024  startup_stm32f10x_hd.o(STACK)
    Stack_Mem                                0x200008c8   Data        1024  startup_stm32f10x_hd.o(STACK)
    __initial_sp                             0x20000cc8   Data           0  startup_stm32f10x_hd.o(STACK)

    Global Symbols

    Symbol Name                              Value     Ov Type        Size  Object(Section)

    BuildAttributes$$THM_ISAv4$P$D$K$B$S$PE$A:L22UL41UL21$X:L11$S22US41US21$IEEE1$IW$USESV6$~STKCKD$USESV7$~SHL$OSPACE$ROPI$EBA8$UX$STANDARDLIB$REQ8$PRES8$EABIv2 0x00000000   Number         0  anon$$obj.o ABSOLUTE
    __ARM_use_no_argv                        0x00000000   Number         0  main.o ABSOLUTE
    __ARM_exceptions_init                     - Undefined Weak Reference
    __alloca_initialize                       - Undefined Weak Reference
    __arm_preinit_                            - Undefined Weak Reference
    __cpp_initialize__aeabi_                  - Undefined Weak Reference
    __cxa_finalize                            - Undefined Weak Reference
    __rt_locale                               - Undefined Weak Reference
    __sigvec_lookup                           - Undefined Weak Reference
    _atexit_init                              - Undefined Weak Reference
    _call_atexit_fns                          - Undefined Weak Reference
    _clock_init                               - Undefined Weak Reference
    _fp_trap_init                             - Undefined Weak Reference
    _fp_trap_shutdown                         - Undefined Weak Reference
    _get_lc_collate                           - Undefined Weak Reference
    _get_lc_ctype                             - Undefined Weak Reference
    _get_lc_monetary                          - Undefined Weak Reference
    _get_lc_numeric                           - Undefined Weak Reference
    _get_lc_time                              - Undefined Weak Reference
    _getenv_init                              - Undefined Weak Reference
    _handle_redirection                       - Undefined Weak Reference
    _init_alloc                               - Undefined Weak Reference
    _init_user_alloc                          - Undefined Weak Reference
    _initio                                   - Undefined Weak Reference
    _mutex_acquire                            - Undefined Weak Reference
    _mutex_release                            - Undefined Weak Reference
    _printf_post_padding                      - Undefined Weak Reference
    _printf_pre_padding                       - Undefined Weak Reference
    _printf_truncate_signed                   - Undefined Weak Reference
    _printf_truncate_unsigned                 - Undefined Weak Reference
    _rand_init                                - Undefined Weak Reference
    _signal_finish                            - Undefined Weak Reference
    _signal_init                              - Undefined Weak Reference
    _terminate_alloc                          - Undefined Weak Reference
    _terminate_user_alloc                     - Undefined Weak Reference
    _terminateio                              - Undefined Weak Reference
    __Vectors_Size                           0x00000130   Number         0  startup_stm32f10x_hd.o ABSOLUTE
    __Vectors                                0x08000000   Data           4  startup_stm32f10x_hd.o(RESET)
    __Vectors_End                            0x08000130   Data           0  startup_stm32f10x_hd.o(RESET)
    __main                                   0x08000131   Thumb Code     8  __main.o(!!!main)
    __scatterload                            0x08000139   Thumb Code     0  __scatter.o(!!!scatter)
    __scatterload_rt2                        0x08000139   Thumb Code    44  __scatter.o(!!!scatter)
    __scatterload_rt2_thumb_only             0x08000139   Thumb Code     0  __scatter.o(!!!scatter)
    __scatterload_null                       0x08000147   Thumb Code     0  __scatter.o(!!!scatter)
    __scatterload_copy                       0x0800016d   Thumb Code    26  __scatter_copy.o(!!handler_copy)
    __scatterload_zeroinit                   0x08000189   Thumb Code    28  __scatter_zi.o(!!handler_zi)
    _printf_d                                0x080001a5   Thumb Code     0  _printf_d.o(.ARM.Collect$$_printf_percent$$00000009)
    _printf_percent                          0x080001a5   Thumb Code     0  _printf_percent.o(.ARM.Collect$$_printf_percent$$00000000)
    _printf_percent_end                      0x080001ab   Thumb Code     0  _printf_percent_end.o(.ARM.Collect$$_printf_percent$$00000017)
    __rt_lib_init                            0x080001af   Thumb Code     0  libinit.o(.ARM.Collect$$libinit$$00000000)
    __rt_lib_init_alloca_1                   0x080001b1   Thumb Code     0  libinit2.o(.ARM.Collect$$libinit$$0000002E)
    __rt_lib_init_argv_1                     0x080001b1   Thumb Code     0  libinit2.o(.ARM.Collect$$libinit$$0000002C)
    __rt_lib_init_atexit_1                   0x080001b1   Thumb Code     0  libinit2.o(.ARM.Collect$$libinit$$0000001B)
    __rt_lib_init_clock_1                    0x080001b1   Thumb Code     0  libinit2.o(.ARM.Collect$$libinit$$00000021)
    __rt_lib_init_cpp_1                      0x080001b1   Thumb Code     0  libinit2.o(.ARM.Collect$$libinit$$00000032)
    __rt_lib_init_exceptions_1               0x080001b1   Thumb Code     0  libinit2.o(.ARM.Collect$$libinit$$00000030)
    __rt_lib_init_fp_1                       0x080001b1   Thumb Code     0  libinit2.o(.ARM.Collect$$libinit$$00000002)
    __rt_lib_init_fp_trap_1                  0x080001b1   Thumb Code     0  libinit2.o(.ARM.Collect$$libinit$$0000001F)
    __rt_lib_init_getenv_1                   0x080001b1   Thumb Code     0  libinit2.o(.ARM.Collect$$libinit$$00000023)
    __rt_lib_init_heap_1                     0x080001b1   Thumb Code     0  libinit2.o(.ARM.Collect$$libinit$$0000000A)
    __rt_lib_init_lc_collate_1               0x080001b1   Thumb Code     0  libinit2.o(.ARM.Collect$$libinit$$00000011)
    __rt_lib_init_lc_ctype_1                 0x080001b1   Thumb Code     0  libinit2.o(.ARM.Collect$$libinit$$00000013)
    __rt_lib_init_lc_monetary_1              0x080001b1   Thumb Code     0  libinit2.o(.ARM.Collect$$libinit$$00000015)
    __rt_lib_init_lc_numeric_1               0x080001b1   Thumb Code     0  libinit2.o(.ARM.Collect$$libinit$$00000017)
    __rt_lib_init_lc_time_1                  0x080001b1   Thumb Code     0  libinit2.o(.ARM.Collect$$libinit$$00000019)
    __rt_lib_init_preinit_1                  0x080001b1   Thumb Code     0  libinit2.o(.ARM.Collect$$libinit$$00000004)
    __rt_lib_init_rand_1                     0x080001b1   Thumb Code     0  libinit2.o(.ARM.Collect$$libinit$$0000000E)
    __rt_lib_init_return                     0x080001b1   Thumb Code     0  libinit2.o(.ARM.Collect$$libinit$$00000033)
    __rt_lib_init_signal_1                   0x080001b1   Thumb Code     0  libinit2.o(.ARM.Collect$$libinit$$0000001D)
    __rt_lib_init_stdio_1                    0x080001b1   Thumb Code     0  libinit2.o(.ARM.Collect$$libinit$$00000025)
    __rt_lib_init_user_alloc_1               0x080001b1   Thumb Code     0  libinit2.o(.ARM.Collect$$libinit$$0000000C)
    __rt_lib_shutdown                        0x080001b3   Thumb Code     0  libshutdown.o(.ARM.Collect$$libshutdown$$00000000)
    __rt_lib_shutdown_fp_trap_1              0x080001b5   Thumb Code     0  libshutdown2.o(.ARM.Collect$$libshutdown$$00000006)
    __rt_lib_shutdown_heap_1                 0x080001b5   Thumb Code     0  libshutdown2.o(.ARM.Collect$$libshutdown$$0000000E)
    __rt_lib_shutdown_return                 0x080001b5   Thumb Code     0  libshutdown2.o(.ARM.Collect$$libshutdown$$0000000F)
    __rt_lib_shutdown_signal_1               0x080001b5   Thumb Code     0  libshutdown2.o(.ARM.Collect$$libshutdown$$00000009)
    __rt_lib_shutdown_stdio_1                0x080001b5   Thumb Code     0  libshutdown2.o(.ARM.Collect$$libshutdown$$00000003)
    __rt_lib_shutdown_user_alloc_1           0x080001b5   Thumb Code     0  libshutdown2.o(.ARM.Collect$$libshutdown$$0000000B)
    __rt_entry                               0x080001b7   Thumb Code     0  __rtentry.o(.ARM.Collect$$rtentry$$00000000)
    __rt_entry_presh_1                       0x080001b7   Thumb Code     0  __rtentry2.o(.ARM.Collect$$rtentry$$00000002)
    __rt_entry_sh                            0x080001b7   Thumb Code     0  __rtentry4.o(.ARM.Collect$$rtentry$$00000004)
    __rt_entry_li                            0x080001bd   Thumb Code     0  __rtentry2.o(.ARM.Collect$$rtentry$$0000000A)
    __rt_entry_postsh_1                      0x080001bd   Thumb Code     0  __rtentry2.o(.ARM.Collect$$rtentry$$00000009)
    __rt_entry_main                          0x080001c1   Thumb Code     0  __rtentry2.o(.ARM.Collect$$rtentry$$0000000D)
    __rt_entry_postli_1                      0x080001c1   Thumb Code     0  __rtentry2.o(.ARM.Collect$$rtentry$$0000000C)
    __rt_exit                                0x080001c9   Thumb Code     0  rtexit.o(.ARM.Collect$$rtexit$$00000000)
    __rt_exit_ls                             0x080001cb   Thumb Code     0  rtexit2.o(.ARM.Collect$$rtexit$$00000003)
    __rt_exit_prels_1                        0x080001cb   Thumb Code     0  rtexit2.o(.ARM.Collect$$rtexit$$00000002)
    __rt_exit_exit                           0x080001cf   Thumb Code     0  rtexit2.o(.ARM.Collect$$rtexit$$00000004)
    Reset_Handler                            0x080001d5   Thumb Code     8  startup_stm32f10x_hd.o(.text)
    ADC1_2_IRQHandler                        0x080001ef   Thumb Code     0  startup_stm32f10x_hd.o(.text)
    ADC3_IRQHandler                          0x080001ef   Thumb Code     0  startup_stm32f10x_hd.o(.text)
    CAN1_RX1_IRQHandler                      0x080001ef   Thumb Code     0  startup_stm32f10x_hd.o(.text)
    CAN1_SCE_IRQHandler                      0x080001ef   Thumb Code     0  startup_stm32f10x_hd.o(.text)
    DMA1_Channel1_IRQHandler                 0x080001ef   Thumb Code     0  startup_stm32f10x_hd.o(.text)
    DMA1_Channel2_IRQHandler                 0x080001ef   Thumb Code     0  startup_stm32f10x_hd.o(.text)
    DMA1_Channel3_IRQHandler                 0x080001ef   Thumb Code     0  startup_stm32f10x_hd.o(.text)
    DMA1_Channel4_IRQHandler                 0x080001ef   Thumb Code     0  startup_stm32f10x_hd.o(.text)
    DMA1_Channel5_IRQHandler                 0x080001ef   Thumb Code     0  startup_stm32f10x_hd.o(.text)
    DMA1_Channel6_IRQHandler                 0x080001ef   Thumb Code     0  startup_stm32f10x_hd.o(.text)
    DMA1_Channel7_IRQHandler                 0x080001ef   Thumb Code     0  startup_stm32f10x_hd.o(.text)
    DMA2_Channel1_IRQHandler                 0x080001ef   Thumb Code     0  startup_stm32f10x_hd.o(.text)
    DMA2_Channel2_IRQHandler                 0x080001ef   Thumb Code     0  startup_stm32f10x_hd.o(.text)
    DMA2_Channel3_IRQHandler                 0x080001ef   Thumb Code     0  startup_stm32f10x_hd.o(.text)
    DMA2_Channel4_5_IRQHandler               0x080001ef   Thumb Code     0  startup_stm32f10x_hd.o(.text)
    EXTI0_IRQHandler                         0x080001ef   Thumb Code     0  startup_stm32f10x_hd.o(.text)
    EXTI1_IRQHandler                         0x080001ef   Thumb Code     0  startup_stm32f10x_hd.o(.text)
    EXTI2_IRQHandler                         0x080001ef   Thumb Code     0  startup_stm32f10x_hd.o(.text)
    EXTI3_IRQHandler                         0x080001ef   Thumb Code     0  startup_stm32f10x_hd.o(.text)
    EXTI4_IRQHandler                         0x080001ef   Thumb Code     0  startup_stm32f10x_hd.o(.text)
    EXTI9_5_IRQHandler                       0x080001ef   Thumb Code     0  startup_stm32f10x_hd.o(.text)
    FLASH_IRQHandler                         0x080001ef   Thumb Code     0  startup_stm32f10x_hd.o(.text)
    FSMC_IRQHandler                          0x080001ef   Thumb Code     0  startup_stm32f10x_hd.o(.text)
    I2C1_ER_IRQHandler                       0x080001ef   Thumb Code     0  startup_stm32f10x_hd.o(.text)
    I2C1_EV_IRQHandler                       0x080001ef   Thumb Code     0  startup_stm32f10x_hd.o(.text)
    I2C2_ER_IRQHandler                       0x080001ef   Thumb Code     0  startup_stm32f10x_hd.o(.text)
    I2C2_EV_IRQHandler                       0x080001ef   Thumb Code     0  startup_stm32f10x_hd.o(.text)
    PVD_IRQHandler                           0x080001ef   Thumb Code     0  startup_stm32f10x_hd.o(.text)
    RCC_IRQHandler                           0x080001ef   Thumb Code     0  startup_stm32f10x_hd.o(.text)
    RTCAlarm_IRQHandler                      0x080001ef   Thumb Code     0  startup_stm32f10x_hd.o(.text)
    RTC_IRQHandler                           0x080001ef   Thumb Code     0  startup_stm32f10x_hd.o(.text)
    SDIO_IRQHandler                          0x080001ef   Thumb Code     0  startup_stm32f10x_hd.o(.text)
    SPI1_IRQHandler                          0x080001ef   Thumb Code     0  startup_stm32f10x_hd.o(.text)
    SPI2_IRQHandler                          0x080001ef   Thumb Code     0  startup_stm32f10x_hd.o(.text)
    SPI3_IRQHandler                          0x080001ef   Thumb Code     0  startup_stm32f10x_hd.o(.text)
    TAMPER_IRQHandler                        0x080001ef   Thumb Code     0  startup_stm32f10x_hd.o(.text)
    TIM1_BRK_IRQHandler                      0x080001ef   Thumb Code     0  startup_stm32f10x_hd.o(.text)
    TIM1_CC_IRQHandler                       0x080001ef   Thumb Code     0  startup_stm32f10x_hd.o(.text)
    TIM1_TRG_COM_IRQHandler                  0x080001ef   Thumb Code     0  startup_stm32f10x_hd.o(.text)
    TIM1_UP_IRQHandler                       0x080001ef   Thumb Code     0  startup_stm32f10x_hd.o(.text)
    TIM3_IRQHandler                          0x080001ef   Thumb Code     0  startup_stm32f10x_hd.o(.text)
    TIM6_IRQHandler                          0x080001ef   Thumb Code     0  startup_stm32f10x_hd.o(.text)
    TIM7_IRQHandler                          0x080001ef   Thumb Code     0  startup_stm32f10x_hd.o(.text)
    TIM8_BRK_IRQHandler                      0x080001ef   Thumb Code     0  startup_stm32f10x_hd.o(.text)
    TIM8_CC_IRQHandler                       0x080001ef   Thumb Code     0  startup_stm32f10x_hd.o(.text)
    TIM8_TRG_COM_IRQHandler                  0x080001ef   Thumb Code     0  startup_stm32f10x_hd.o(.text)
    TIM8_UP_IRQHandler                       0x080001ef   Thumb Code     0  startup_stm32f10x_hd.o(.text)
    UART4_IRQHandler                         0x080001ef   Thumb Code     0  startup_stm32f10x_hd.o(.text)
    UART5_IRQHandler                         0x080001ef   Thumb Code     0  startup_stm32f10x_hd.o(.text)
    USART1_IRQHandler                        0x080001ef   Thumb Code     0  startup_stm32f10x_hd.o(.text)
    USBWakeUp_IRQHandler                     0x080001ef   Thumb Code     0  startup_stm32f10x_hd.o(.text)
    USB_HP_CAN1_TX_IRQHandler                0x080001ef   Thumb Code     0  startup_stm32f10x_hd.o(.text)
    USB_LP_CAN1_RX0_IRQHandler               0x080001ef   Thumb Code     0  startup_stm32f10x_hd.o(.text)
    WWDG_IRQHandler                          0x080001ef   Thumb Code     0  startup_stm32f10x_hd.o(.text)
    __user_initial_stackheap                 0x080001f1   Thumb Code     0  startup_stm32f10x_hd.o(.text)
    __use_no_semihosting                     0x08000215   Thumb Code     2  use_no_semi_2.o(.text)
    __2sprintf                               0x08000219   Thumb Code    34  noretval__2sprintf.o(.text)
    __printf                                 0x08000241   Thumb Code   104  __printf.o(.text)
    _printf_int_dec                          0x080002a9   Thumb Code   104  _printf_dec.o(.text)
    __use_two_region_memory                  0x08000321   Thumb Code     2  heapauxi.o(.text)
    __rt_heap_escrow$2region                 0x08000323   Thumb Code     2  heapauxi.o(.text)
    __rt_heap_expand$2region                 0x08000325   Thumb Code     2  heapauxi.o(.text)
    __I$use$semihosting                      0x08000327   Thumb Code     0  use_no_semi.o(.text)
    __use_no_semihosting_swi                 0x08000327   Thumb Code     2  use_no_semi.o(.text)
    _printf_int_common                       0x08000329   Thumb Code   178  _printf_intcommon.o(.text)
    _printf_char_common                      0x080003e7   Thumb Code    32  _printf_char_common.o(.text)
    _sputc                                   0x0800040d   Thumb Code    10  _sputc.o(.text)
    __user_setup_stackheap                   0x08000417   Thumb Code    74  sys_stackheap_outer.o(.text)
    exit                                     0x08000461   Thumb Code    12  exit.o(.text)
    __user_libspace                          0x0800046d   Thumb Code     8  libspace.o(.text)
    __user_perproc_libspace                  0x0800046d   Thumb Code     0  libspace.o(.text)
    __user_perthread_libspace                0x0800046d   Thumb Code     0  libspace.o(.text)
    ADC_Cmd                                  0x08000475   Thumb Code    22  stm32f10x_adc.o(i.ADC_Cmd)
    ADC_DeInit                               0x0800048d   Thumb Code    78  stm32f10x_adc.o(i.ADC_DeInit)
    ADC_GetCalibrationStatus                 0x080004e9   Thumb Code    20  stm32f10x_adc.o(i.ADC_GetCalibrationStatus)
    ADC_GetConversionValue                   0x080004fd   Thumb Code     8  stm32f10x_adc.o(i.ADC_GetConversionValue)
    ADC_GetFlagStatus                        0x08000505   Thumb Code    18  stm32f10x_adc.o(i.ADC_GetFlagStatus)
    ADC_GetResetCalibrationStatus            0x08000517   Thumb Code    20  stm32f10x_adc.o(i.ADC_GetResetCalibrationStatus)
    ADC_Init                                 0x0800052d   Thumb Code    70  stm32f10x_adc.o(i.ADC_Init)
    ADC_RegularChannelConfig                 0x0800057d   Thumb Code   184  stm32f10x_adc.o(i.ADC_RegularChannelConfig)
    ADC_ResetCalibration                     0x08000635   Thumb Code    10  stm32f10x_adc.o(i.ADC_ResetCalibration)
    ADC_SoftwareStartConvCmd                 0x0800063f   Thumb Code    22  stm32f10x_adc.o(i.ADC_SoftwareStartConvCmd)
    ADC_StartCalibration                     0x08000655   Thumb Code    10  stm32f10x_adc.o(i.ADC_StartCalibration)
    Adc_Init                                 0x08000661   Thumb Code   132  adc.o(i.Adc_Init)
    BKP_TamperPinCmd                         0x080006ed   Thumb Code     6  stm32f10x_bkp.o(i.BKP_TamperPinCmd)
    BusFault_Handler                         0x080006f9   Thumb Code     4  stm32f10x_it.o(i.BusFault_Handler)
    DebugMon_Handler                         0x080006fd   Thumb Code     2  stm32f10x_it.o(i.DebugMon_Handler)
    EXTI15_10_IRQHandler                     0x08000701   Thumb Code    30  exti.o(i.EXTI15_10_IRQHandler)
    EXTIX_Init                               0x08000729   Thumb Code    84  exti.o(i.EXTIX_Init)
    EXTI_ClearITPendingBit                   0x0800077d   Thumb Code     6  stm32f10x_exti.o(i.EXTI_ClearITPendingBit)
    EXTI_Init                                0x08000789   Thumb Code   142  stm32f10x_exti.o(i.EXTI_Init)
    Encoder_Init_TIM2                        0x0800081d   Thumb Code   172  encoder.o(i.Encoder_Init_TIM2)
    Encoder_Init_TIM4                        0x080008cd   Thumb Code   168  encoder.o(i.Encoder_Init_TIM4)
    Find                                     0x0800097d   Thumb Code   382  main.o(i.Find)
    Flash_Read                               0x08000b31   Thumb Code   110  stmflash.o(i.Flash_Read)
    GPIO_EXTILineConfig                      0x08000bb9   Thumb Code    60  stm32f10x_gpio.o(i.GPIO_EXTILineConfig)
    GPIO_Init                                0x08000bf9   Thumb Code   278  stm32f10x_gpio.o(i.GPIO_Init)
    GPIO_ReadInputDataBit                    0x08000d0f   Thumb Code    18  stm32f10x_gpio.o(i.GPIO_ReadInputDataBit)
    GPIO_SetBits                             0x08000d21   Thumb Code     4  stm32f10x_gpio.o(i.GPIO_SetBits)
    Get_Adc                                  0x08000d25   Thumb Code    46  adc.o(i.Get_Adc)
    Get_battery_volt                         0x08000d59   Thumb Code    78  adc.o(i.Get_battery_volt)
    HardFault_Handler                        0x08000db9   Thumb Code     4  stm32f10x_it.o(i.HardFault_Handler)
    Incremental_PI_A                         0x08000dbd   Thumb Code   114  control.o(i.Incremental_PI_A)
    Incremental_PI_B                         0x08000e45   Thumb Code   114  control.o(i.Incremental_PI_B)
    JTAG_Set                                 0x08000ecd   Thumb Code    38  sys.o(i.JTAG_Set)
    KEY_Init                                 0x08000efd   Thumb Code    40  key.o(i.KEY_Init)
    Kinematic_Analysis                       0x08000f29   Thumb Code    44  control.o(i.Kinematic_Analysis)
    LED_Init                                 0x08000f5d   Thumb Code    48  led.o(i.LED_Init)
    LoadOrNot                                0x08000f91   Thumb Code   134  led.o(i.LoadOrNot)
    Load_Init                                0x08001029   Thumb Code    38  led.o(i.Load_Init)
    MemManage_Handler                        0x08001055   Thumb Code     4  stm32f10x_it.o(i.MemManage_Handler)
    Motor_Init                               0x08001059   Thumb Code    74  moto.o(i.Motor_Init)
    Motor_PWM_Init                           0x080010ad   Thumb Code   182  moto.o(i.Motor_PWM_Init)
    NMI_Handler                              0x0800116d   Thumb Code     2  stm32f10x_it.o(i.NMI_Handler)
    NVIC_Init                                0x08001171   Thumb Code   100  misc.o(i.NVIC_Init)
    NVIC_PriorityGroupConfig                 0x080011e1   Thumb Code    10  misc.o(i.NVIC_PriorityGroupConfig)
    OLED_Clear                               0x080011f5   Thumb Code    42  oled.o(i.OLED_Clear)
    OLED_DrawPoint                           0x08001225   Thumb Code   100  oled.o(i.OLED_DrawPoint)
    OLED_Init                                0x0800128d   Thumb Code   296  oled.o(i.OLED_Init)
    OLED_Refresh_Gram                        0x080013c1   Thumb Code    70  oled.o(i.OLED_Refresh_Gram)
    OLED_ShowChar                            0x0800140d   Thumb Code   158  oled.o(i.OLED_ShowChar)
    OLED_ShowNumber                          0x080014b5   Thumb Code   148  oled.o(i.OLED_ShowNumber)
    OLED_ShowString                          0x08001549   Thumb Code    68  oled.o(i.OLED_ShowString)
    OLED_WR_Byte                             0x0800158d   Thumb Code    82  oled.o(i.OLED_WR_Byte)
    Openmv_Receive_Data                      0x080015e5   Thumb Code   298  usart2.o(i.Openmv_Receive_Data)
    PWR_BackupAccessCmd                      0x08001731   Thumb Code     6  stm32f10x_pwr.o(i.PWR_BackupAccessCmd)
    PendSV_Handler                           0x0800173d   Thumb Code     2  stm32f10x_it.o(i.PendSV_Handler)
    RCC_ADCCLKConfig                         0x08001741   Thumb Code    18  stm32f10x_rcc.o(i.RCC_ADCCLKConfig)
    RCC_APB1PeriphClockCmd                   0x08001759   Thumb Code    26  stm32f10x_rcc.o(i.RCC_APB1PeriphClockCmd)
    RCC_APB1PeriphResetCmd                   0x08001779   Thumb Code    26  stm32f10x_rcc.o(i.RCC_APB1PeriphResetCmd)
    RCC_APB2PeriphClockCmd                   0x08001799   Thumb Code    26  stm32f10x_rcc.o(i.RCC_APB2PeriphClockCmd)
    RCC_APB2PeriphResetCmd                   0x080017b9   Thumb Code    26  stm32f10x_rcc.o(i.RCC_APB2PeriphResetCmd)
    RCC_GetClocksFreq                        0x080017d9   Thumb Code   192  stm32f10x_rcc.o(i.RCC_GetClocksFreq)
    RCC_LSEConfig                            0x080018ad   Thumb Code    46  stm32f10x_rcc.o(i.RCC_LSEConfig)
    Read_Encoder                             0x080018e1   Thumb Code    52  encoder.o(i.Read_Encoder)
    STMFLASH_Read                            0x08001919   Thumb Code    34  stmflash.o(i.STMFLASH_Read)
    STMFLASH_ReadHalfWord                    0x0800193b   Thumb Code     6  stmflash.o(i.STMFLASH_ReadHalfWord)
    SVC_Handler                              0x08001941   Thumb Code     2  stm32f10x_it.o(i.SVC_Handler)
    SendDataToOpenmv                         0x08001945   Thumb Code    82  usart2.o(i.SendDataToOpenmv)
    SetTargetRoom                            0x08001a99   Thumb Code   210  usart2.o(i.SetTargetRoom)
    Set_Pwm                                  0x08001b91   Thumb Code   126  control.o(i.Set_Pwm)
    SysTick_Handler                          0x08001c2d   Thumb Code     2  stm32f10x_it.o(i.SysTick_Handler)
    SystemInit                               0x08001c31   Thumb Code    78  system_stm32f10x.o(i.SystemInit)
    TIM2_IRQHandler                          0x08001ed1   Thumb Code    20  encoder.o(i.TIM2_IRQHandler)
    TIM4_IRQHandler                          0x08001ee5   Thumb Code    20  encoder.o(i.TIM4_IRQHandler)
    TIM5_IRQHandler                          0x08001efd   Thumb Code   280  control.o(i.TIM5_IRQHandler)
    TIM_ARRPreloadConfig                     0x0800205d   Thumb Code    24  stm32f10x_tim.o(i.TIM_ARRPreloadConfig)
    TIM_ClearFlag                            0x08002075   Thumb Code     6  stm32f10x_tim.o(i.TIM_ClearFlag)
    TIM_ClearITPendingBit                    0x0800207b   Thumb Code     6  stm32f10x_tim.o(i.TIM_ClearITPendingBit)
    TIM_Cmd                                  0x08002081   Thumb Code    24  stm32f10x_tim.o(i.TIM_Cmd)
    TIM_CtrlPWMOutputs                       0x08002099   Thumb Code    30  stm32f10x_tim.o(i.TIM_CtrlPWMOutputs)
    TIM_EncoderInterfaceConfig               0x080020b7   Thumb Code    66  stm32f10x_tim.o(i.TIM_EncoderInterfaceConfig)
    TIM_GetFlagStatus                        0x080020f9   Thumb Code    18  stm32f10x_tim.o(i.TIM_GetFlagStatus)
    TIM_ICInit                               0x0800210d   Thumb Code   150  stm32f10x_tim.o(i.TIM_ICInit)
    TIM_ICStructInit                         0x080021b9   Thumb Code    18  stm32f10x_tim.o(i.TIM_ICStructInit)
    TIM_ITConfig                             0x080021cb   Thumb Code    18  stm32f10x_tim.o(i.TIM_ITConfig)
    TIM_OC1Init                              0x080021dd   Thumb Code   132  stm32f10x_tim.o(i.TIM_OC1Init)
    TIM_OC1PreloadConfig                     0x08002275   Thumb Code    18  stm32f10x_tim.o(i.TIM_OC1PreloadConfig)
    TIM_OC4Init                              0x08002289   Thumb Code   114  stm32f10x_tim.o(i.TIM_OC4Init)
    TIM_OC4PreloadConfig                     0x08002305   Thumb Code    26  stm32f10x_tim.o(i.TIM_OC4PreloadConfig)
    TIM_SetIC1Prescaler                      0x0800231f   Thumb Code    18  stm32f10x_tim.o(i.TIM_SetIC1Prescaler)
    TIM_SetIC2Prescaler                      0x08002331   Thumb Code    26  stm32f10x_tim.o(i.TIM_SetIC2Prescaler)
    TIM_SetIC3Prescaler                      0x0800234b   Thumb Code    18  stm32f10x_tim.o(i.TIM_SetIC3Prescaler)
    TIM_SetIC4Prescaler                      0x0800235d   Thumb Code    26  stm32f10x_tim.o(i.TIM_SetIC4Prescaler)
    TIM_TimeBaseInit                         0x08002379   Thumb Code   122  stm32f10x_tim.o(i.TIM_TimeBaseInit)
    TIM_TimeBaseStructInit                   0x0800241d   Thumb Code    18  stm32f10x_tim.o(i.TIM_TimeBaseStructInit)
    Timer5_Init                              0x08002431   Thumb Code    88  timer.o(i.Timer5_Init)
    Turn_Off                                 0x0800248d   Thumb Code    24  control.o(i.Turn_Off)
    USART2_IRQHandler                        0x080024a9   Thumb Code    42  usart2.o(i.USART2_IRQHandler)
    USART2_Send                              0x080024dd   Thumb Code    74  usart2.o(i.USART2_Send)
    USART3_IRQHandler                        0x0800252d   Thumb Code   172  usart3.o(i.USART3_IRQHandler)
    USART_ClearFlag                          0x080025ed   Thumb Code    18  stm32f10x_usart.o(i.USART_ClearFlag)
    USART_ClearITPendingBit                  0x080025ff   Thumb Code    30  stm32f10x_usart.o(i.USART_ClearITPendingBit)
    USART_Cmd                                0x0800261d   Thumb Code    24  stm32f10x_usart.o(i.USART_Cmd)
    USART_DeInit                             0x08002635   Thumb Code   134  stm32f10x_usart.o(i.USART_DeInit)
    USART_GetFlagStatus                      0x080026d1   Thumb Code    26  stm32f10x_usart.o(i.USART_GetFlagStatus)
    USART_GetITStatus                        0x080026eb   Thumb Code    84  stm32f10x_usart.o(i.USART_GetITStatus)
    USART_ITConfig                           0x0800273f   Thumb Code    74  stm32f10x_usart.o(i.USART_ITConfig)
    USART_Init                               0x08002789   Thumb Code   210  stm32f10x_usart.o(i.USART_Init)
    USART_SendData                           0x08002861   Thumb Code     8  stm32f10x_usart.o(i.USART_SendData)
    UsageFault_Handler                       0x08002869   Thumb Code     4  stm32f10x_it.o(i.UsageFault_Handler)
    Xianfu_Pwm                               0x0800286d   Thumb Code    62  control.o(i.Xianfu_Pwm)
    _sys_exit                                0x080028b5   Thumb Code     6  usart.o(i._sys_exit)
    delay_init                               0x080028bd   Thumb Code    56  delay.o(i.delay_init)
    delay_ms                                 0x080028fd   Thumb Code    56  delay.o(i.delay_ms)
    error_back1                              0x08002939   Thumb Code   306  main.o(i.error_back1)
    error_back2                              0x08002a85   Thumb Code   344  main.o(i.error_back2)
    error_back3                              0x08002bf5   Thumb Code   344  main.o(i.error_back3)
    main                                     0x08002d65   Thumb Code  4192  main.o(i.main)
    myabs                                    0x08003de5   Thumb Code    14  control.o(i.myabs)
    oled_pow                                 0x08003df3   Thumb Code    22  oled.o(i.oled_pow)
    oled_show                                0x08003e09   Thumb Code   488  show.o(i.oled_show)
    spin_Turn                                0x08004069   Thumb Code   246  main.o(i.spin_Turn)
    uart2_init                               0x0800417d   Thumb Code   154  usart2.o(i.uart2_init)
    uart3_init                               0x08004221   Thumb Code   170  usart3.o(i.uart3_init)
    uart_init                                0x080042d5   Thumb Code   124  usart.o(i.uart_init)
    __fpl_dcmp_Inf                           0x08004359   Thumb Code    24  dcmpi.o(x$fpl$dcmpinf)
    __aeabi_ddiv                             0x08004371   Thumb Code     0  ddiv.o(x$fpl$ddiv)
    _ddiv                                    0x08004371   Thumb Code   552  ddiv.o(x$fpl$ddiv)
    __aeabi_d2iz                             0x08004621   Thumb Code     0  dfix.o(x$fpl$dfix)
    _dfix                                    0x08004621   Thumb Code    94  dfix.o(x$fpl$dfix)
    __aeabi_ui2d                             0x0800467f   Thumb Code     0  dflt_clz.o(x$fpl$dfltu)
    _dfltu                                   0x0800467f   Thumb Code    38  dflt_clz.o(x$fpl$dfltu)
    __aeabi_cdcmple                          0x080046a5   Thumb Code     0  dleqf.o(x$fpl$dleqf)
    _dcmple                                  0x080046a5   Thumb Code   120  dleqf.o(x$fpl$dleqf)
    __fpl_dcmple_InfNaN                      0x08004707   Thumb Code     0  dleqf.o(x$fpl$dleqf)
    __aeabi_dmul                             0x0800471d   Thumb Code     0  dmul.o(x$fpl$dmul)
    _dmul                                    0x0800471d   Thumb Code   332  dmul.o(x$fpl$dmul)
    __fpl_dnaninf                            0x08004871   Thumb Code   156  dnaninf.o(x$fpl$dnaninf)
    __fpl_dretinf                            0x0800490d   Thumb Code    12  dretinf.o(x$fpl$dretinf)
    __aeabi_fadd                             0x08004919   Thumb Code     0  faddsub_clz.o(x$fpl$fadd)
    _fadd                                    0x08004919   Thumb Code   196  faddsub_clz.o(x$fpl$fadd)
    __fpl_fcmp_Inf                           0x080049dd   Thumb Code    24  fcmpi.o(x$fpl$fcmpinf)
    __aeabi_f2iz                             0x080049f5   Thumb Code     0  ffix.o(x$fpl$ffix)
    _ffix                                    0x080049f5   Thumb Code    54  ffix.o(x$fpl$ffix)
    __aeabi_f2uiz                            0x08004a2d   Thumb Code     0  ffixu.o(x$fpl$ffixu)
    _ffixu                                   0x08004a2d   Thumb Code    62  ffixu.o(x$fpl$ffixu)
    __aeabi_i2f                              0x08004a6d   Thumb Code     0  fflt_clz.o(x$fpl$fflt)
    _fflt                                    0x08004a6d   Thumb Code    48  fflt_clz.o(x$fpl$fflt)
    __aeabi_ui2f                             0x08004a9d   Thumb Code     0  fflt_clz.o(x$fpl$ffltu)
    _ffltu                                   0x08004a9d   Thumb Code    38  fflt_clz.o(x$fpl$ffltu)
    __aeabi_cfcmple                          0x08004ac5   Thumb Code     0  fleqf.o(x$fpl$fleqf)
    _fcmple                                  0x08004ac5   Thumb Code   104  fleqf.o(x$fpl$fleqf)
    __fpl_fcmple_InfNaN                      0x08004b17   Thumb Code     0  fleqf.o(x$fpl$fleqf)
    __aeabi_fmul                             0x08004b2d   Thumb Code     0  fmul.o(x$fpl$fmul)
    _fmul                                    0x08004b2d   Thumb Code   258  fmul.o(x$fpl$fmul)
    __fpl_fnaninf                            0x08004c2f   Thumb Code   140  fnaninf.o(x$fpl$fnaninf)
    __fpl_fretinf                            0x08004cbb   Thumb Code    10  fretinf.o(x$fpl$fretinf)
    __aeabi_fsub                             0x08004cc5   Thumb Code     0  faddsub_clz.o(x$fpl$fsub)
    _fsub                                    0x08004cc5   Thumb Code   234  faddsub_clz.o(x$fpl$fsub)
    __I$use$fp                               0x08004dae   Number         0  usenofp.o(x$fpl$usenofp)
    oled_asc2_1206                           0x08004dae   Data        1140  oled.o(.constdata)
    oled_asc2_1608                           0x08005222   Data        1520  oled.o(.constdata)
    Region$$Table$$Base                      0x08005814   Number         0  anon$$obj.o(Region$$Table)
    Region$$Table$$Limit                     0x08005834   Number         0  anon$$obj.o(Region$$Table)
    Speed_L                                  0x20000000   Data           2  main.o(.data)
    Speed_R                                  0x20000002   Data           2  main.o(.data)
    Speed_L1                                 0x20000004   Data           5  main.o(.data)
    Speed_R1                                 0x20000009   Data           5  main.o(.data)
    Spin_start_flag                          0x2000000e   Data           1  main.o(.data)
    Spin_succeed_flag                        0x2000000f   Data           1  main.o(.data)
    Stop_Flag                                0x20000010   Data           1  main.o(.data)
    Turn_flag                                0x20000011   Data           1  main.o(.data)
    stop_count                               0x20000012   Data           1  main.o(.data)
    spin_count                               0x20000013   Data           1  main.o(.data)
    Do_count                                 0x20000014   Data           1  main.o(.data)
    Do2_count                                0x20000015   Data           1  main.o(.data)
    back1_count                              0x20000016   Data           1  main.o(.data)
    back2_count                              0x20000017   Data           1  main.o(.data)
    back3_count                              0x20000018   Data           1  main.o(.data)
    WaitTime_ms                              0x2000001c   Data           4  main.o(.data)
    lukoutime                                0x20000020   Data           1  main.o(.data)
    SendTime                                 0x20000022   Data           2  main.o(.data)
    Mode                                     0x20000024   Data           1  main.o(.data)
    BLUETOOTH_Mode                           0x20000025   Data           1  main.o(.data)
    ELE_Line_Patrol_Mode                     0x20000026   Data           1  main.o(.data)
    CCD_Line_Patrol_Mode                     0x20000027   Data           1  main.o(.data)
    Flag_Way                                 0x20000028   Data           1  main.o(.data)
    Flag_Show                                0x20000029   Data           1  main.o(.data)
    Flag_Stop                                0x2000002a   Data           1  main.o(.data)
    Flag_Next                                0x2000002b   Data           1  main.o(.data)
    Encoder_Left                             0x2000002c   Data           4  main.o(.data)
    Encoder_Right                            0x20000030   Data           4  main.o(.data)
    Flag_Direction                           0x20000034   Data           4  main.o(.data)
    Velocity                                 0x20000038   Data           4  main.o(.data)
    Velocity_Set                             0x2000003c   Data           4  main.o(.data)
    Angle_Set                                0x20000040   Data           4  main.o(.data)
    Turn                                     0x20000044   Data           4  main.o(.data)
    Motor_A                                  0x20000048   Data           4  main.o(.data)
    Motor_B                                  0x2000004c   Data           4  main.o(.data)
    Servo                                    0x20000050   Data           4  main.o(.data)
    Target_A                                 0x20000054   Data           4  main.o(.data)
    Target_B                                 0x20000058   Data           4  main.o(.data)
    Voltage                                  0x2000005c   Data           4  main.o(.data)
    Show_Data_Mb                             0x20000060   Data           4  main.o(.data)
    delay_50                                 0x20000064   Data           1  main.o(.data)
    delay_flag                               0x20000065   Data           1  main.o(.data)
    Velocity_KP                              0x20000068   Data           4  main.o(.data)
    Velocity_KI                              0x2000006c   Data           4  main.o(.data)
    Bluetooth_Velocity                       0x20000070   Data           1  main.o(.data)
    APP_RX                                   0x20000071   Data           1  main.o(.data)
    APP_Flag                                 0x20000072   Data           1  main.o(.data)
    CCD_Zhongzhi                             0x20000073   Data           1  main.o(.data)
    CCD_Yuzhi                                0x20000074   Data           1  main.o(.data)
    PID_Send                                 0x20000075   Data           1  main.o(.data)
    Flash_Send                               0x20000076   Data           1  main.o(.data)
    Sensor_Left                              0x20000078   Data           4  main.o(.data)
    Sensor_Middle                            0x2000007c   Data           4  main.o(.data)
    Sensor_Right                             0x20000080   Data           4  main.o(.data)
    Sensor                                   0x20000084   Data           4  main.o(.data)
    LoadCount                                0x200000a0   Data           1  led.o(.data)
    NotLoadCount                             0x200000a1   Data           1  led.o(.data)
    Load_flag                                0x200000a2   Data           1  led.o(.data)
    Usart2_Receive                           0x200000a8   Data           1  usart2.o(.data)
    GetOpenmvDataCount                       0x200000ac   Data           4  usart2.o(.data)
    Num                                      0x200000b0   Data           1  usart2.o(.data)
    LoR                                      0x200000b1   Data           1  usart2.o(.data)
    Finded_flag                              0x200000b2   Data           1  usart2.o(.data)
    FindTask                                 0x200000b3   Data           1  usart2.o(.data)
    LastNum                                  0x200000b4   Data           1  usart2.o(.data)
    NumCount                                 0x200000b5   Data           1  usart2.o(.data)
    sendBuf                                  0x200000b6   Data           4  usart2.o(.data)
    uart3_rxbuff                             0x200000ba   Data           1  usart2.o(.data)
    RoomNum                                  0x200000bb   Data           1  usart2.o(.data)
    TargetNum                                0x200000bc   Data           1  usart2.o(.data)
    TASK                                     0x200000bd   Data           1  usart2.o(.data)
    TargetRoom                               0x200000be   Data           1  usart2.o(.data)
    Usart3_Receive                           0x200000c8   Data           1  usart3.o(.data)
    Di                                       0x200000c9   Data           8  usart3.o(.data)
    lukou                                    0x200000d1   Data           1  usart3.o(.data)
    buff_time                                0x200000d2   Data           1  usart3.o(.data)
    Flag_Target                              0x200000d8   Data           1  control.o(.data)
    Voltage_Temp                             0x200000dc   Data           4  control.o(.data)
    Voltage_Count                            0x200000e0   Data           4  control.o(.data)
    Voltage_All                              0x200000e4   Data           4  control.o(.data)
    sum                                      0x200000e8   Data           4  control.o(.data)
    lukou_straight                           0x200000ec   Data           2  control.o(.data)
    ADV                                      0x2000011c   Data         256  main.o(.bss)
    PID_Parameter                            0x2000021c   Data          20  main.o(.bss)
    Flash_Parameter                          0x20000230   Data          20  main.o(.bss)
    OLED_GRAM                                0x20000244   Data        1024  oled.o(.bss)
    buff                                     0x20000658   Data          11  usart3.o(.bss)
    __libspace_start                         0x20000664   Data          96  libspace.o(.bss)
    __temporary_stack_top$libspace           0x200006c4   Data           0  libspace.o(.bss)



==============================================================================

Memory Map of the image

  Image Entry point : 0x080001d5

  Load Region LR_1 (Base: 0x08000000, Size: 0x00005950, Max: 0xffffffff, ABSOLUTE)

    Execution Region ER_RO (Base: 0x08000000, Size: 0x00005834, Max: 0xffffffff, ABSOLUTE)

    Base Addr    Size         Type   Attr      Idx    E Section Name        Object

    0x08000000   0x00000130   Data   RO          459    RESET               startup_stm32f10x_hd.o
    0x08000130   0x00000008   Code   RO         4092  * !!!main             c_w.l(__main.o)
    0x08000138   0x00000034   Code   RO         4326    !!!scatter          c_w.l(__scatter.o)
    0x0800016c   0x0000001a   Code   RO         4328    !!handler_copy      c_w.l(__scatter_copy.o)
    0x08000186   0x00000002   PAD
    0x08000188   0x0000001c   Code   RO         4330    !!handler_zi        c_w.l(__scatter_zi.o)
    0x080001a4   0x00000000   Code   RO         4089    .ARM.Collect$$_printf_percent$$00000000  c_w.l(_printf_percent.o)
    0x080001a4   0x00000006   Code   RO         4088    .ARM.Collect$$_printf_percent$$00000009  c_w.l(_printf_d.o)
    0x080001aa   0x00000004   Code   RO         4157    .ARM.Collect$$_printf_percent$$00000017  c_w.l(_printf_percent_end.o)
    0x080001ae   0x00000002   Code   RO         4201    .ARM.Collect$$libinit$$00000000  c_w.l(libinit.o)
    0x080001b0   0x00000000   Code   RO         4208    .ARM.Collect$$libinit$$00000002  c_w.l(libinit2.o)
    0x080001b0   0x00000000   Code   RO         4210    .ARM.Collect$$libinit$$00000004  c_w.l(libinit2.o)
    0x080001b0   0x00000000   Code   RO         4213    .ARM.Collect$$libinit$$0000000A  c_w.l(libinit2.o)
    0x080001b0   0x00000000   Code   RO         4215    .ARM.Collect$$libinit$$0000000C  c_w.l(libinit2.o)
    0x080001b0   0x00000000   Code   RO         4217    .ARM.Collect$$libinit$$0000000E  c_w.l(libinit2.o)
    0x080001b0   0x00000000   Code   RO         4220    .ARM.Collect$$libinit$$00000011  c_w.l(libinit2.o)
    0x080001b0   0x00000000   Code   RO         4222    .ARM.Collect$$libinit$$00000013  c_w.l(libinit2.o)
    0x080001b0   0x00000000   Code   RO         4224    .ARM.Collect$$libinit$$00000015  c_w.l(libinit2.o)
    0x080001b0   0x00000000   Code   RO         4226    .ARM.Collect$$libinit$$00000017  c_w.l(libinit2.o)
    0x080001b0   0x00000000   Code   RO         4228    .ARM.Collect$$libinit$$00000019  c_w.l(libinit2.o)
    0x080001b0   0x00000000   Code   RO         4230    .ARM.Collect$$libinit$$0000001B  c_w.l(libinit2.o)
    0x080001b0   0x00000000   Code   RO         4232    .ARM.Collect$$libinit$$0000001D  c_w.l(libinit2.o)
    0x080001b0   0x00000000   Code   RO         4234    .ARM.Collect$$libinit$$0000001F  c_w.l(libinit2.o)
    0x080001b0   0x00000000   Code   RO         4236    .ARM.Collect$$libinit$$00000021  c_w.l(libinit2.o)
    0x080001b0   0x00000000   Code   RO         4238    .ARM.Collect$$libinit$$00000023  c_w.l(libinit2.o)
    0x080001b0   0x00000000   Code   RO         4240    .ARM.Collect$$libinit$$00000025  c_w.l(libinit2.o)
    0x080001b0   0x00000000   Code   RO         4244    .ARM.Collect$$libinit$$0000002C  c_w.l(libinit2.o)
    0x080001b0   0x00000000   Code   RO         4246    .ARM.Collect$$libinit$$0000002E  c_w.l(libinit2.o)
    0x080001b0   0x00000000   Code   RO         4248    .ARM.Collect$$libinit$$00000030  c_w.l(libinit2.o)
    0x080001b0   0x00000000   Code   RO         4250    .ARM.Collect$$libinit$$00000032  c_w.l(libinit2.o)
    0x080001b0   0x00000002   Code   RO         4251    .ARM.Collect$$libinit$$00000033  c_w.l(libinit2.o)
    0x080001b2   0x00000002   Code   RO         4269    .ARM.Collect$$libshutdown$$00000000  c_w.l(libshutdown.o)
    0x080001b4   0x00000000   Code   RO         4280    .ARM.Collect$$libshutdown$$00000003  c_w.l(libshutdown2.o)
    0x080001b4   0x00000000   Code   RO         4283    .ARM.Collect$$libshutdown$$00000006  c_w.l(libshutdown2.o)
    0x080001b4   0x00000000   Code   RO         4286    .ARM.Collect$$libshutdown$$00000009  c_w.l(libshutdown2.o)
    0x080001b4   0x00000000   Code   RO         4288    .ARM.Collect$$libshutdown$$0000000B  c_w.l(libshutdown2.o)
    0x080001b4   0x00000000   Code   RO         4291    .ARM.Collect$$libshutdown$$0000000E  c_w.l(libshutdown2.o)
    0x080001b4   0x00000002   Code   RO         4292    .ARM.Collect$$libshutdown$$0000000F  c_w.l(libshutdown2.o)
    0x080001b6   0x00000000   Code   RO         4148    .ARM.Collect$$rtentry$$00000000  c_w.l(__rtentry.o)
    0x080001b6   0x00000000   Code   RO         4172    .ARM.Collect$$rtentry$$00000002  c_w.l(__rtentry2.o)
    0x080001b6   0x00000006   Code   RO         4184    .ARM.Collect$$rtentry$$00000004  c_w.l(__rtentry4.o)
    0x080001bc   0x00000000   Code   RO         4174    .ARM.Collect$$rtentry$$00000009  c_w.l(__rtentry2.o)
    0x080001bc   0x00000004   Code   RO         4175    .ARM.Collect$$rtentry$$0000000A  c_w.l(__rtentry2.o)
    0x080001c0   0x00000000   Code   RO         4177    .ARM.Collect$$rtentry$$0000000C  c_w.l(__rtentry2.o)
    0x080001c0   0x00000008   Code   RO         4178    .ARM.Collect$$rtentry$$0000000D  c_w.l(__rtentry2.o)
    0x080001c8   0x00000002   Code   RO         4205    .ARM.Collect$$rtexit$$00000000  c_w.l(rtexit.o)
    0x080001ca   0x00000000   Code   RO         4253    .ARM.Collect$$rtexit$$00000002  c_w.l(rtexit2.o)
    0x080001ca   0x00000004   Code   RO         4254    .ARM.Collect$$rtexit$$00000003  c_w.l(rtexit2.o)
    0x080001ce   0x00000006   Code   RO         4255    .ARM.Collect$$rtexit$$00000004  c_w.l(rtexit2.o)
    0x080001d4   0x00000040   Code   RO          460  * .text               startup_stm32f10x_hd.o
    0x08000214   0x00000002   Code   RO         4054    .text               c_w.l(use_no_semi_2.o)
    0x08000216   0x00000002   PAD
    0x08000218   0x00000028   Code   RO         4062    .text               c_w.l(noretval__2sprintf.o)
    0x08000240   0x00000068   Code   RO         4064    .text               c_w.l(__printf.o)
    0x080002a8   0x00000078   Code   RO         4066    .text               c_w.l(_printf_dec.o)
    0x08000320   0x00000006   Code   RO         4090    .text               c_w.l(heapauxi.o)
    0x08000326   0x00000002   Code   RO         4146    .text               c_w.l(use_no_semi.o)
    0x08000328   0x000000b2   Code   RO         4149    .text               c_w.l(_printf_intcommon.o)
    0x080003da   0x00000002   PAD
    0x080003dc   0x00000030   Code   RO         4151    .text               c_w.l(_printf_char_common.o)
    0x0800040c   0x0000000a   Code   RO         4153    .text               c_w.l(_sputc.o)
    0x08000416   0x0000004a   Code   RO         4192    .text               c_w.l(sys_stackheap_outer.o)
    0x08000460   0x0000000c   Code   RO         4194    .text               c_w.l(exit.o)
    0x0800046c   0x00000008   Code   RO         4202    .text               c_w.l(libspace.o)
    0x08000474   0x00000016   Code   RO          506    i.ADC_Cmd           stm32f10x_adc.o
    0x0800048a   0x00000002   PAD
    0x0800048c   0x0000005c   Code   RO          508    i.ADC_DeInit        stm32f10x_adc.o
    0x080004e8   0x00000014   Code   RO          514    i.ADC_GetCalibrationStatus  stm32f10x_adc.o
    0x080004fc   0x00000008   Code   RO          515    i.ADC_GetConversionValue  stm32f10x_adc.o
    0x08000504   0x00000012   Code   RO          517    i.ADC_GetFlagStatus  stm32f10x_adc.o
    0x08000516   0x00000014   Code   RO          520    i.ADC_GetResetCalibrationStatus  stm32f10x_adc.o
    0x0800052a   0x00000002   PAD
    0x0800052c   0x00000050   Code   RO          524    i.ADC_Init          stm32f10x_adc.o
    0x0800057c   0x000000b8   Code   RO          528    i.ADC_RegularChannelConfig  stm32f10x_adc.o
    0x08000634   0x0000000a   Code   RO          529    i.ADC_ResetCalibration  stm32f10x_adc.o
    0x0800063e   0x00000016   Code   RO          531    i.ADC_SoftwareStartConvCmd  stm32f10x_adc.o
    0x08000654   0x0000000a   Code   RO          533    i.ADC_StartCalibration  stm32f10x_adc.o
    0x0800065e   0x00000002   PAD
    0x08000660   0x0000008c   Code   RO         3467    i.Adc_Init          adc.o
    0x080006ec   0x0000000c   Code   RO          731    i.BKP_TamperPinCmd  stm32f10x_bkp.o
    0x080006f8   0x00000004   Code   RO          206    i.BusFault_Handler  stm32f10x_it.o
    0x080006fc   0x00000002   Code   RO          207    i.DebugMon_Handler  stm32f10x_it.o
    0x080006fe   0x00000002   PAD
    0x08000700   0x00000028   Code   RO         3563    i.EXTI15_10_IRQHandler  exti.o
    0x08000728   0x00000054   Code   RO         3564    i.EXTIX_Init        exti.o
    0x0800077c   0x0000000c   Code   RO         1262    i.EXTI_ClearITPendingBit  stm32f10x_exti.o
    0x08000788   0x00000094   Code   RO         1267    i.EXTI_Init         stm32f10x_exti.o
    0x0800081c   0x000000b0   Code   RO         3527    i.Encoder_Init_TIM2  encoder.o
    0x080008cc   0x000000b0   Code   RO         3528    i.Encoder_Init_TIM4  encoder.o
    0x0800097c   0x000001b4   Code   RO            1    i.Find              main.o
    0x08000b30   0x00000088   Code   RO         3724    i.Flash_Read        stmflash.o
    0x08000bb8   0x00000040   Code   RO         1612    i.GPIO_EXTILineConfig  stm32f10x_gpio.o
    0x08000bf8   0x00000116   Code   RO         1615    i.GPIO_Init         stm32f10x_gpio.o
    0x08000d0e   0x00000012   Code   RO         1619    i.GPIO_ReadInputDataBit  stm32f10x_gpio.o
    0x08000d20   0x00000004   Code   RO         1623    i.GPIO_SetBits      stm32f10x_gpio.o
    0x08000d24   0x00000034   Code   RO         3470    i.Get_Adc           adc.o
    0x08000d58   0x00000060   Code   RO         3471    i.Get_battery_volt  adc.o
    0x08000db8   0x00000004   Code   RO          208    i.HardFault_Handler  stm32f10x_it.o
    0x08000dbc   0x00000088   Code   RO         3899    i.Incremental_PI_A  control.o
    0x08000e44   0x00000088   Code   RO         3900    i.Incremental_PI_B  control.o
    0x08000ecc   0x00000030   Code   RO          366    i.JTAG_Set          sys.o
    0x08000efc   0x0000002c   Code   RO         3584    i.KEY_Init          key.o
    0x08000f28   0x00000034   Code   RO         3902    i.Kinematic_Analysis  control.o
    0x08000f5c   0x00000034   Code   RO         3431    i.LED_Init          led.o
    0x08000f90   0x00000098   Code   RO         3433    i.LoadOrNot         led.o
    0x08001028   0x0000002c   Code   RO         3434    i.Load_Init         led.o
    0x08001054   0x00000004   Code   RO          209    i.MemManage_Handler  stm32f10x_it.o
    0x08001058   0x00000054   Code   RO         3621    i.Motor_Init        moto.o
    0x080010ac   0x000000c0   Code   RO         3622    i.Motor_PWM_Init    moto.o
    0x0800116c   0x00000002   Code   RO          210    i.NMI_Handler       stm32f10x_it.o
    0x0800116e   0x00000002   PAD
    0x08001170   0x00000070   Code   RO          464    i.NVIC_Init         misc.o
    0x080011e0   0x00000014   Code   RO          465    i.NVIC_PriorityGroupConfig  misc.o
    0x080011f4   0x00000030   Code   RO         3645    i.OLED_Clear        oled.o
    0x08001224   0x00000068   Code   RO         3648    i.OLED_DrawPoint    oled.o
    0x0800128c   0x00000134   Code   RO         3649    i.OLED_Init         oled.o
    0x080013c0   0x0000004c   Code   RO         3650    i.OLED_Refresh_Gram  oled.o
    0x0800140c   0x000000a8   Code   RO         3651    i.OLED_ShowChar     oled.o
    0x080014b4   0x00000094   Code   RO         3652    i.OLED_ShowNumber   oled.o
    0x08001548   0x00000044   Code   RO         3653    i.OLED_ShowString   oled.o
    0x0800158c   0x00000058   Code   RO         3654    i.OLED_WR_Byte      oled.o
    0x080015e4   0x0000014c   Code   RO         3811    i.Openmv_Receive_Data  usart2.o
    0x08001730   0x0000000c   Code   RO         1969    i.PWR_BackupAccessCmd  stm32f10x_pwr.o
    0x0800173c   0x00000002   Code   RO          211    i.PendSV_Handler    stm32f10x_it.o
    0x0800173e   0x00000002   PAD
    0x08001740   0x00000018   Code   RO         2029    i.RCC_ADCCLKConfig  stm32f10x_rcc.o
    0x08001758   0x00000020   Code   RO         2031    i.RCC_APB1PeriphClockCmd  stm32f10x_rcc.o
    0x08001778   0x00000020   Code   RO         2032    i.RCC_APB1PeriphResetCmd  stm32f10x_rcc.o
    0x08001798   0x00000020   Code   RO         2033    i.RCC_APB2PeriphClockCmd  stm32f10x_rcc.o
    0x080017b8   0x00000020   Code   RO         2034    i.RCC_APB2PeriphResetCmd  stm32f10x_rcc.o
    0x080017d8   0x000000d4   Code   RO         2041    i.RCC_GetClocksFreq  stm32f10x_rcc.o
    0x080018ac   0x00000034   Code   RO         2049    i.RCC_LSEConfig     stm32f10x_rcc.o
    0x080018e0   0x00000038   Code   RO         3529    i.Read_Encoder      encoder.o
    0x08001918   0x00000022   Code   RO         3729    i.STMFLASH_Read     stmflash.o
    0x0800193a   0x00000006   Code   RO         3730    i.STMFLASH_ReadHalfWord  stmflash.o
    0x08001940   0x00000002   Code   RO          212    i.SVC_Handler       stm32f10x_it.o
    0x08001942   0x00000002   PAD
    0x08001944   0x0000006c   Code   RO         3812    i.SendDataToOpenmv  usart2.o
    0x080019b0   0x00000008   Code   RO          295    i.SetSysClock       system_stm32f10x.o
    0x080019b8   0x000000e0   Code   RO          296    i.SetSysClockTo72   system_stm32f10x.o
    0x08001a98   0x000000f8   Code   RO         3813    i.SetTargetRoom     usart2.o
    0x08001b90   0x0000009c   Code   RO         3903    i.Set_Pwm           control.o
    0x08001c2c   0x00000002   Code   RO          213    i.SysTick_Handler   stm32f10x_it.o
    0x08001c2e   0x00000002   PAD
    0x08001c30   0x00000060   Code   RO          298    i.SystemInit        system_stm32f10x.o
    0x08001c90   0x00000080   Code   RO         2649    i.TI1_Config        stm32f10x_tim.o
    0x08001d10   0x00000098   Code   RO         2650    i.TI2_Config        stm32f10x_tim.o
    0x08001da8   0x00000090   Code   RO         2651    i.TI3_Config        stm32f10x_tim.o
    0x08001e38   0x00000098   Code   RO         2652    i.TI4_Config        stm32f10x_tim.o
    0x08001ed0   0x00000014   Code   RO         3530    i.TIM2_IRQHandler   encoder.o
    0x08001ee4   0x00000018   Code   RO         3531    i.TIM4_IRQHandler   encoder.o
    0x08001efc   0x00000160   Code   RO         3904    i.TIM5_IRQHandler   control.o
    0x0800205c   0x00000018   Code   RO         2653    i.TIM_ARRPreloadConfig  stm32f10x_tim.o
    0x08002074   0x00000006   Code   RO         2659    i.TIM_ClearFlag     stm32f10x_tim.o
    0x0800207a   0x00000006   Code   RO         2660    i.TIM_ClearITPendingBit  stm32f10x_tim.o
    0x08002080   0x00000018   Code   RO         2665    i.TIM_Cmd           stm32f10x_tim.o
    0x08002098   0x0000001e   Code   RO         2667    i.TIM_CtrlPWMOutputs  stm32f10x_tim.o
    0x080020b6   0x00000042   Code   RO         2674    i.TIM_EncoderInterfaceConfig  stm32f10x_tim.o
    0x080020f8   0x00000012   Code   RO         2685    i.TIM_GetFlagStatus  stm32f10x_tim.o
    0x0800210a   0x00000002   PAD
    0x0800210c   0x000000ac   Code   RO         2688    i.TIM_ICInit        stm32f10x_tim.o
    0x080021b8   0x00000012   Code   RO         2689    i.TIM_ICStructInit  stm32f10x_tim.o
    0x080021ca   0x00000012   Code   RO         2690    i.TIM_ITConfig      stm32f10x_tim.o
    0x080021dc   0x00000098   Code   RO         2694    i.TIM_OC1Init       stm32f10x_tim.o
    0x08002274   0x00000012   Code   RO         2697    i.TIM_OC1PreloadConfig  stm32f10x_tim.o
    0x08002286   0x00000002   PAD
    0x08002288   0x0000007c   Code   RO         2709    i.TIM_OC4Init       stm32f10x_tim.o
    0x08002304   0x0000001a   Code   RO         2711    i.TIM_OC4PreloadConfig  stm32f10x_tim.o
    0x0800231e   0x00000012   Code   RO         2731    i.TIM_SetIC1Prescaler  stm32f10x_tim.o
    0x08002330   0x0000001a   Code   RO         2732    i.TIM_SetIC2Prescaler  stm32f10x_tim.o
    0x0800234a   0x00000012   Code   RO         2733    i.TIM_SetIC3Prescaler  stm32f10x_tim.o
    0x0800235c   0x0000001a   Code   RO         2734    i.TIM_SetIC4Prescaler  stm32f10x_tim.o
    0x08002376   0x00000002   PAD
    0x08002378   0x000000a4   Code   RO         2736    i.TIM_TimeBaseInit  stm32f10x_tim.o
    0x0800241c   0x00000012   Code   RO         2737    i.TIM_TimeBaseStructInit  stm32f10x_tim.o
    0x0800242e   0x00000002   PAD
    0x08002430   0x0000005c   Code   RO         3860    i.Timer5_Init       timer.o
    0x0800248c   0x0000001c   Code   RO         3905    i.Turn_Off          control.o
    0x080024a8   0x00000034   Code   RO         3814    i.USART2_IRQHandler  usart2.o
    0x080024dc   0x00000050   Code   RO         3815    i.USART2_Send       usart2.o
    0x0800252c   0x000000c0   Code   RO         3872    i.USART3_IRQHandler  usart3.o
    0x080025ec   0x00000012   Code   RO         3197    i.USART_ClearFlag   stm32f10x_usart.o
    0x080025fe   0x0000001e   Code   RO         3198    i.USART_ClearITPendingBit  stm32f10x_usart.o
    0x0800261c   0x00000018   Code   RO         3201    i.USART_Cmd         stm32f10x_usart.o
    0x08002634   0x0000009c   Code   RO         3203    i.USART_DeInit      stm32f10x_usart.o
    0x080026d0   0x0000001a   Code   RO         3204    i.USART_GetFlagStatus  stm32f10x_usart.o
    0x080026ea   0x00000054   Code   RO         3205    i.USART_GetITStatus  stm32f10x_usart.o
    0x0800273e   0x0000004a   Code   RO         3207    i.USART_ITConfig    stm32f10x_usart.o
    0x08002788   0x000000d8   Code   RO         3208    i.USART_Init        stm32f10x_usart.o
    0x08002860   0x00000008   Code   RO         3218    i.USART_SendData    stm32f10x_usart.o
    0x08002868   0x00000004   Code   RO          214    i.UsageFault_Handler  stm32f10x_it.o
    0x0800286c   0x00000048   Code   RO         3906    i.Xianfu_Pwm        control.o
    0x080028b4   0x00000006   Code   RO          404    i._sys_exit         usart.o
    0x080028ba   0x00000002   PAD
    0x080028bc   0x00000040   Code   RO          329    i.delay_init        delay.o
    0x080028fc   0x0000003c   Code   RO          330    i.delay_ms          delay.o
    0x08002938   0x0000014c   Code   RO            2    i.error_back1       main.o
    0x08002a84   0x00000170   Code   RO            3    i.error_back2       main.o
    0x08002bf4   0x00000170   Code   RO            4    i.error_back3       main.o
    0x08002d64   0x00001080   Code   RO            5    i.main              main.o
    0x08003de4   0x0000000e   Code   RO         3907    i.myabs             control.o
    0x08003df2   0x00000016   Code   RO         3655    i.oled_pow          oled.o
    0x08003e08   0x00000260   Code   RO         3981    i.oled_show         show.o
    0x08004068   0x00000114   Code   RO            6    i.spin_Turn         main.o
    0x0800417c   0x000000a4   Code   RO         3816    i.uart2_init        usart2.o
    0x08004220   0x000000b4   Code   RO         3873    i.uart3_init        usart3.o
    0x080042d4   0x00000084   Code   RO          406    i.uart_init         usart.o
    0x08004358   0x00000018   Code   RO         4158    x$fpl$dcmpinf       fz_ws.l(dcmpi.o)
    0x08004370   0x000002b0   Code   RO         4103    x$fpl$ddiv          fz_ws.l(ddiv.o)
    0x08004620   0x0000005e   Code   RO         4106    x$fpl$dfix          fz_ws.l(dfix.o)
    0x0800467e   0x00000026   Code   RO         4110    x$fpl$dfltu         fz_ws.l(dflt_clz.o)
    0x080046a4   0x00000078   Code   RO         4116    x$fpl$dleqf         fz_ws.l(dleqf.o)
    0x0800471c   0x00000154   Code   RO         4118    x$fpl$dmul          fz_ws.l(dmul.o)
    0x08004870   0x0000009c   Code   RO         4160    x$fpl$dnaninf       fz_ws.l(dnaninf.o)
    0x0800490c   0x0000000c   Code   RO         4162    x$fpl$dretinf       fz_ws.l(dretinf.o)
    0x08004918   0x000000c4   Code   RO         4122    x$fpl$fadd          fz_ws.l(faddsub_clz.o)
    0x080049dc   0x00000018   Code   RO         4164    x$fpl$fcmpinf       fz_ws.l(fcmpi.o)
    0x080049f4   0x00000036   Code   RO         4128    x$fpl$ffix          fz_ws.l(ffix.o)
    0x08004a2a   0x00000002   PAD
    0x08004a2c   0x0000003e   Code   RO         4132    x$fpl$ffixu         fz_ws.l(ffixu.o)
    0x08004a6a   0x00000002   PAD
    0x08004a6c   0x00000030   Code   RO         4137    x$fpl$fflt          fz_ws.l(fflt_clz.o)
    0x08004a9c   0x00000026   Code   RO         4136    x$fpl$ffltu         fz_ws.l(fflt_clz.o)
    0x08004ac2   0x00000002   PAD
    0x08004ac4   0x00000068   Code   RO         4142    x$fpl$fleqf         fz_ws.l(fleqf.o)
    0x08004b2c   0x00000102   Code   RO         4144    x$fpl$fmul          fz_ws.l(fmul.o)
    0x08004c2e   0x0000008c   Code   RO         4166    x$fpl$fnaninf       fz_ws.l(fnaninf.o)
    0x08004cba   0x0000000a   Code   RO         4168    x$fpl$fretinf       fz_ws.l(fretinf.o)
    0x08004cc4   0x000000ea   Code   RO         4124    x$fpl$fsub          fz_ws.l(faddsub_clz.o)
    0x08004dae   0x00000000   Code   RO         4170    x$fpl$usenofp       fz_ws.l(usenofp.o)
    0x08004dae   0x00000a64   Data   RO         3657    .constdata          oled.o
    0x08005812   0x00000002   PAD
    0x08005814   0x00000020   Data   RO         4324    Region$$Table       anon$$obj.o


    Execution Region ER_RW (Base: 0x20000000, Size: 0x0000011c, Max: 0xffffffff, ABSOLUTE)

    Base Addr    Size         Type   Attr      Idx    E Section Name        Object

    0x20000000   0x00000088   Data   RW            8    .data               main.o
    0x20000088   0x00000004   Data   RW          332    .data               delay.o
    0x2000008c   0x00000014   Data   RW         2061    .data               stm32f10x_rcc.o
    0x200000a0   0x00000008   Data   RW         3435    .data               led.o
    0x200000a8   0x00000020   Data   RW         3818    .data               usart2.o
    0x200000c8   0x00000010   Data   RW         3875    .data               usart3.o
    0x200000d8   0x00000044   Data   RW         3909    .data               control.o


    Execution Region ER_ZI (Base: 0x2000011c, Size: 0x00000bac, Max: 0xffffffff, ABSOLUTE)

    Base Addr    Size         Type   Attr      Idx    E Section Name        Object

    0x2000011c   0x00000128   Zero   RW            7    .bss                main.o
    0x20000244   0x00000400   Zero   RW         3656    .bss                oled.o
    0x20000644   0x00000014   Zero   RW         3817    .bss                usart2.o
    0x20000658   0x0000000b   Zero   RW         3874    .bss                usart3.o
    0x20000663   0x00000001   PAD
    0x20000664   0x00000060   Zero   RW         4203    .bss                c_w.l(libspace.o)
    0x200006c4   0x00000004   PAD
    0x200006c8   0x00000200   Zero   RW          458    HEAP                startup_stm32f10x_hd.o
    0x200008c8   0x00000400   Zero   RW          457    STACK               startup_stm32f10x_hd.o


==============================================================================

Image component sizes


      Code (inc. data)   RO Data    RW Data    ZI Data      Debug   Object Name

       288         32          0          0          0       1708   adc.o
       946        168          0         68          0       7098   control.o
       124         12          0          4          0       1248   delay.o
       452         20          0          0          0       3059   encoder.o
       124         10          0          0          0       1068   exti.o
        44          4          0          0          0        499   key.o
       248         28          0          8          0       2314   led.o
      6004        446          0        136        296     274317   main.o
       132         22          0          0          0       1583   misc.o
       276         20          0          0          0       1294   moto.o
      1030         44       2660          0       1024       7062   oled.o
       608        120          0          0          0        628   show.o
        64         26        304          0       1536        804   startup_stm32f10x_hd.o
       486         24          0          0          0       8698   stm32f10x_adc.o
        12          6          0          0          0        523   stm32f10x_bkp.o
       160         12          0          0          0       1549   stm32f10x_exti.o
       364          4          0          0          0       3797   stm32f10x_gpio.o
        26          0          0          0          0       3846   stm32f10x_it.o
        12          6          0          0          0        526   stm32f10x_pwr.o
       416         56          0         20          0       6775   stm32f10x_rcc.o
      1548        180          0          0          0      15792   stm32f10x_tim.o
       636         28          0          0          0       7524   stm32f10x_usart.o
       176         26          0          0          0       2145   stmflash.o
        48         10          0          0          0        519   sys.o
       328         28          0          0          0       1865   system_stm32f10x.o
        92          4          0          0          0        650   timer.o
       138          8          0          0          0       1148   usart.o
       984        134          0         32         20       4981   usart2.o
       372         30          0         16         11       2062   usart3.o

    ----------------------------------------------------------------------
     16164       1508       2998        284       2888     365082   Object Totals
         0          0         32          0          0          0   (incl. Generated)
        26          0          2          0          1          0   (incl. Padding)

    ----------------------------------------------------------------------

      Code (inc. data)   RO Data    RW Data    ZI Data      Debug   Library Member Name

         8          0          0          0          0         68   __main.o
       104          0          0          0          0         84   __printf.o
         0          0          0          0          0          0   __rtentry.o
        12          0          0          0          0          0   __rtentry2.o
         6          0          0          0          0          0   __rtentry4.o
        52          8          0          0          0          0   __scatter.o
        26          0          0          0          0          0   __scatter_copy.o
        28          0          0          0          0          0   __scatter_zi.o
        48          6          0          0          0         96   _printf_char_common.o
         6          0          0          0          0          0   _printf_d.o
       120         16          0          0          0         92   _printf_dec.o
       178          0          0          0          0         88   _printf_intcommon.o
         0          0          0          0          0          0   _printf_percent.o
         4          0          0          0          0          0   _printf_percent_end.o
        10          0          0          0          0         68   _sputc.o
        12          0          0          0          0         72   exit.o
         6          0          0          0          0        152   heapauxi.o
         2          0          0          0          0          0   libinit.o
         2          0          0          0          0          0   libinit2.o
         2          0          0          0          0          0   libshutdown.o
         2          0          0          0          0          0   libshutdown2.o
         8          4          0          0         96         68   libspace.o
        40          6          0          0          0         84   noretval__2sprintf.o
         2          0          0          0          0          0   rtexit.o
        10          0          0          0          0          0   rtexit2.o
        74          0          0          0          0         80   sys_stackheap_outer.o
         2          0          0          0          0         68   use_no_semi.o
         2          0          0          0          0         68   use_no_semi_2.o
        24          0          0          0          0         68   dcmpi.o
       688        140          0          0          0        208   ddiv.o
        94          4          0          0          0         92   dfix.o
        38          0          0          0          0         68   dflt_clz.o
       120          4          0          0          0         92   dleqf.o
       340         12          0          0          0        104   dmul.o
       156          4          0          0          0         92   dnaninf.o
        12          0          0          0          0         68   dretinf.o
       430          8          0          0          0        168   faddsub_clz.o
        24          0          0          0          0         68   fcmpi.o
        54          4          0          0          0         84   ffix.o
        62          4          0          0          0         84   ffixu.o
        86          0          0          0          0        136   fflt_clz.o
       104          4          0          0          0         84   fleqf.o
       258          4          0          0          0         84   fmul.o
       140          4          0          0          0         84   fnaninf.o
        10          0          0          0          0         68   fretinf.o
         0          0          0          0          0          0   usenofp.o

    ----------------------------------------------------------------------
      3418        232          0          0        100       2740   Library Totals
        12          0          0          0          4          0   (incl. Padding)

    ----------------------------------------------------------------------

      Code (inc. data)   RO Data    RW Data    ZI Data      Debug   Library Name

       766         40          0          0         96       1088   c_w.l
      2640        192          0          0          0       1652   fz_ws.l

    ----------------------------------------------------------------------
      3418        232          0          0        100       2740   Library Totals

    ----------------------------------------------------------------------

==============================================================================


      Code (inc. data)   RO Data    RW Data    ZI Data      Debug   

     19582       1740       2998        284       2988     359810   Grand Totals
     19582       1740       2998        284       2988     359810   ELF Image Totals
     19582       1740       2998        284          0          0   ROM Totals

==============================================================================

    Total RO  Size (Code + RO Data)                22580 (  22.05kB)
    Total RW  Size (RW Data + ZI Data)              3272 (   3.20kB)
    Total ROM Size (Code + RO Data + RW Data)      22864 (  22.33kB)

==============================================================================

